Component: ARM Compiler 5.06 update 7 (build 960) Tool: armlink [4d3601]

==============================================================================

Section Cross References

    startup_stm32l432xx.o(STACK) refers (Special) to heapauxi.o(.text) for __use_two_region_memory
    startup_stm32l432xx.o(HEAP) refers (Special) to heapauxi.o(.text) for __use_two_region_memory
    startup_stm32l432xx.o(RESET) refers (Special) to heapauxi.o(.text) for __use_two_region_memory
    startup_stm32l432xx.o(RESET) refers to startup_stm32l432xx.o(STACK) for __initial_sp
    startup_stm32l432xx.o(RESET) refers to startup_stm32l432xx.o(.text) for Reset_Handler
    startup_stm32l432xx.o(RESET) refers to stm32l4xx_it.o(i.NMI_Handler) for NMI_Handler
    startup_stm32l432xx.o(RESET) refers to stm32l4xx_it.o(i.HardFault_Handler) for HardFault_Handler
    startup_stm32l432xx.o(RESET) refers to stm32l4xx_it.o(i.MemManage_Handler) for MemManage_Handler
    startup_stm32l432xx.o(RESET) refers to stm32l4xx_it.o(i.BusFault_Handler) for BusFault_Handler
    startup_stm32l432xx.o(RESET) refers to stm32l4xx_it.o(i.UsageFault_Handler) for UsageFault_Handler
    startup_stm32l432xx.o(RESET) refers to port.o(.emb_text) for SVC_Handler
    startup_stm32l432xx.o(RESET) refers to stm32l4xx_it.o(i.DebugMon_Handler) for DebugMon_Handler
    startup_stm32l432xx.o(RESET) refers to cmsis_os2.o(i.SysTick_Handler) for SysTick_Handler
    startup_stm32l432xx.o(RESET) refers to stm32l4xx_it.o(i.DMA1_Channel4_IRQHandler) for DMA1_Channel4_IRQHandler
    startup_stm32l432xx.o(RESET) refers to stm32l4xx_it.o(i.DMA1_Channel5_IRQHandler) for DMA1_Channel5_IRQHandler
    startup_stm32l432xx.o(RESET) refers to stm32l4xx_it.o(i.DMA1_Channel6_IRQHandler) for DMA1_Channel6_IRQHandler
    startup_stm32l432xx.o(RESET) refers to stm32l4xx_it.o(i.DMA1_Channel7_IRQHandler) for DMA1_Channel7_IRQHandler
    startup_stm32l432xx.o(RESET) refers to stm32l4xx_it.o(i.TIM6_DAC_IRQHandler) for TIM6_DAC_IRQHandler
    startup_stm32l432xx.o(.text) refers (Special) to heapauxi.o(.text) for __use_two_region_memory
    startup_stm32l432xx.o(.text) refers to system_stm32l4xx.o(i.SystemInit) for SystemInit
    startup_stm32l432xx.o(.text) refers to __main.o(!!!main) for __main
    startup_stm32l432xx.o(.text) refers to startup_stm32l432xx.o(HEAP) for Heap_Mem
    startup_stm32l432xx.o(.text) refers to startup_stm32l432xx.o(STACK) for Stack_Mem
    main.o(i.DisplayNumber) refers to stm32l4xx_hal_uart.o(i.HAL_UART_Transmit_DMA) for HAL_UART_Transmit_DMA
    main.o(i.DisplayNumber) refers to main.o(.data) for .data
    main.o(i.DisplayNumber) refers to main.o(.bss) for .bss
    main.o(i.HAL_TIM_PeriodElapsedCallback) refers to stm32l4xx_hal.o(i.HAL_IncTick) for HAL_IncTick
    main.o(i.HAL_UART_RxCpltCallback) refers to stm32l4xx_hal_tim.o(i.HAL_TIM_PWM_Stop) for HAL_TIM_PWM_Stop
    main.o(i.HAL_UART_RxCpltCallback) refers to cmsis_os2.o(i.osSemaphoreRelease) for osSemaphoreRelease
    main.o(i.HAL_UART_RxCpltCallback) refers to main.o(i.move_servo_to_angle) for move_servo_to_angle
    main.o(i.HAL_UART_RxCpltCallback) refers to main.o(.bss) for .bss
    main.o(i.HAL_UART_RxCpltCallback) refers to main.o(.data) for .data
    main.o(i.Load_Cell_Init) refers to main.o(i.weigh) for weigh
    main.o(i.Load_Cell_Init) refers to main.o(i.DisplayNumber) for DisplayNumber
    main.o(i.Load_Cell_Init) refers to tasks.o(i.vTaskDelay) for vTaskDelay
    main.o(i.Load_Cell_Init) refers to main.o(.data) for .data
    main.o(i.MX_GPIO_Init) refers to rt_memclr_w.o(.text) for __aeabi_memclr4
    main.o(i.MX_GPIO_Init) refers to stm32l4xx_hal_gpio.o(i.HAL_GPIO_WritePin) for HAL_GPIO_WritePin
    main.o(i.MX_GPIO_Init) refers to stm32l4xx_hal_gpio.o(i.HAL_GPIO_Init) for HAL_GPIO_Init
    main.o(i.MX_TIM1_Init) refers to rt_memclr_w.o(.text) for __aeabi_memclr4
    main.o(i.MX_TIM1_Init) refers to stm32l4xx_hal_tim.o(i.HAL_TIM_Base_Init) for HAL_TIM_Base_Init
    main.o(i.MX_TIM1_Init) refers to stm32l4xx_hal_tim.o(i.HAL_TIM_ConfigClockSource) for HAL_TIM_ConfigClockSource
    main.o(i.MX_TIM1_Init) refers to stm32l4xx_hal_tim.o(i.HAL_TIM_PWM_Init) for HAL_TIM_PWM_Init
    main.o(i.MX_TIM1_Init) refers to stm32l4xx_hal_tim_ex.o(i.HAL_TIMEx_MasterConfigSynchronization) for HAL_TIMEx_MasterConfigSynchronization
    main.o(i.MX_TIM1_Init) refers to stm32l4xx_hal_tim.o(i.HAL_TIM_PWM_ConfigChannel) for HAL_TIM_PWM_ConfigChannel
    main.o(i.MX_TIM1_Init) refers to stm32l4xx_hal_tim_ex.o(i.HAL_TIMEx_ConfigBreakDeadTime) for HAL_TIMEx_ConfigBreakDeadTime
    main.o(i.MX_TIM1_Init) refers to stm32l4xx_hal_msp.o(i.HAL_TIM_MspPostInit) for HAL_TIM_MspPostInit
    main.o(i.MX_TIM1_Init) refers to main.o(.bss) for .bss
    main.o(i.MX_TIM2_Init) refers to rt_memclr_w.o(.text) for __aeabi_memclr4
    main.o(i.MX_TIM2_Init) refers to stm32l4xx_hal_tim.o(i.HAL_TIM_Base_Init) for HAL_TIM_Base_Init
    main.o(i.MX_TIM2_Init) refers to stm32l4xx_hal_tim.o(i.HAL_TIM_ConfigClockSource) for HAL_TIM_ConfigClockSource
[...]
    i.vPortEnterCritical                     0x0800401c   Section        0  port.o(i.vPortEnterCritical)
    i.vPortExitCritical                      0x0800405c   Section        0  port.o(i.vPortExitCritical)
    i.vPortFree                              0x08004084   Section        0  heap_4.o(i.vPortFree)
    i.vPortSetupTimerInterrupt               0x080040e8   Section        0  port.o(i.vPortSetupTimerInterrupt)
    i.vPortValidateInterruptPriority         0x0800410c   Section        0  port.o(i.vPortValidateInterruptPriority)
    i.vQueueAddToRegistry                    0x08004160   Section        0  queue.o(i.vQueueAddToRegistry)
    i.vQueueDelete                           0x08004188   Section        0  queue.o(i.vQueueDelete)
    i.vQueueUnregisterQueue                  0x080041b8   Section        0  queue.o(i.vQueueUnregisterQueue)
    i.vQueueWaitForMessageRestricted         0x080041e0   Section        0  queue.o(i.vQueueWaitForMessageRestricted)
    i.vTaskDelay                             0x08004224   Section        0  tasks.o(i.vTaskDelay)
    i.vTaskInternalSetTimeOutState           0x08004270   Section        0  tasks.o(i.vTaskInternalSetTimeOutState)
    i.vTaskMissedYield                       0x08004280   Section        0  tasks.o(i.vTaskMissedYield)
    i.vTaskPlaceOnEventList                  0x0800428c   Section        0  tasks.o(i.vTaskPlaceOnEventList)
    i.vTaskPlaceOnEventListRestricted        0x080042bc   Section        0  tasks.o(i.vTaskPlaceOnEventListRestricted)
    i.vTaskPriorityDisinheritAfterTimeout    0x080042f4   Section        0  tasks.o(i.vTaskPriorityDisinheritAfterTimeout)
    i.vTaskStartScheduler                    0x08004384   Section        0  tasks.o(i.vTaskStartScheduler)
    i.vTaskSuspendAll                        0x0800440c   Section        0  tasks.o(i.vTaskSuspendAll)
    i.vTaskSwitchContext                     0x0800441c   Section        0  tasks.o(i.vTaskSwitchContext)
    i.weigh                                  0x08004480   Section        0  main.o(i.weigh)
    i.xPortStartScheduler                    0x0800452c   Section        0  port.o(i.xPortStartScheduler)
    i.xPortSysTickHandler                    0x08004620   Section        0  port.o(i.xPortSysTickHandler)
    i.xQueueCreateCountingSemaphore          0x0800464c   Section        0  queue.o(i.xQueueCreateCountingSemaphore)
    i.xQueueCreateCountingSemaphoreStatic    0x08004686   Section        0  queue.o(i.xQueueCreateCountingSemaphoreStatic)
    i.xQueueGenericCreate                    0x080046c6   Section        0  queue.o(i.xQueueGenericCreate)
    i.xQueueGenericCreateStatic              0x08004708   Section        0  queue.o(i.xQueueGenericCreateStatic)
    i.xQueueGenericReset                     0x08004770   Section        0  queue.o(i.xQueueGenericReset)
    i.xQueueGenericSend                      0x080047f8   Section        0  queue.o(i.xQueueGenericSend)
    i.xQueueGenericSendFromISR               0x08004958   Section        0  queue.o(i.xQueueGenericSendFromISR)
    i.xQueueGiveFromISR                      0x08004a16   Section        0  queue.o(i.xQueueGiveFromISR)
    i.xQueueReceive                          0x08004ab4   Section        0  queue.o(i.xQueueReceive)
    i.xQueueReceiveFromISR                   0x08004bec   Section        0  queue.o(i.xQueueReceiveFromISR)
    i.xQueueSemaphoreTake                    0x08004c88   Section        0  queue.o(i.xQueueSemaphoreTake)
    i.xTaskCheckForTimeOut                   0x08004e00   Section        0  tasks.o(i.xTaskCheckForTimeOut)
    i.xTaskCreate                            0x08004e74   Section        0  tasks.o(i.xTaskCreate)
    i.xTaskCreateStatic                      0x08004ed4   Section        0  tasks.o(i.xTaskCreateStatic)
    i.xTaskGetSchedulerState                 0x08004f2c   Section        0  tasks.o(i.xTaskGetSchedulerState)
    i.xTaskGetTickCount                      0x08004f48   Section        0  tasks.o(i.xTaskGetTickCount)
    i.xTaskIncrementTick                     0x08004f54   Section        0  tasks.o(i.xTaskIncrementTick)
    i.xTaskPriorityDisinherit                0x0800501c   Section        0  tasks.o(i.xTaskPriorityDisinherit)
    i.xTaskPriorityInherit                   0x0800509c   Section        0  tasks.o(i.xTaskPriorityInherit)
    i.xTaskRemoveFromEventList               0x08005114   Section        0  tasks.o(i.xTaskRemoveFromEventList)
    i.xTaskResumeAll                         0x08005184   Section        0  tasks.o(i.xTaskResumeAll)
    i.xTimerCreateTimerTask                  0x08005248   Section        0  timers.o(i.xTimerCreateTimerTask)
    i.xTimerGenericCommand                   0x080052a8   Section        0  timers.o(i.xTimerGenericCommand)
    x$fpl$d2f                                0x08005310   Section       98  d2f.o(x$fpl$d2f)
    $v0                                      0x08005310   Number         0  d2f.o(x$fpl$d2f)
    x$fpl$ddiv                               0x08005374   Section      688  ddiv.o(x$fpl$ddiv)
    $v0                                      0x08005374   Number         0  ddiv.o(x$fpl$ddiv)
    ddiv_entry                               0x0800537b   Thumb Code     0  ddiv.o(x$fpl$ddiv)
    x$fpl$dflt                               0x08005624   Section       46  dflt_clz.o(x$fpl$dflt)
    $v0                                      0x08005624   Number         0  dflt_clz.o(x$fpl$dflt)
    x$fpl$dnaninf                            0x08005652   Section      156  dnaninf.o(x$fpl$dnaninf)
    $v0                                      0x08005652   Number         0  dnaninf.o(x$fpl$dnaninf)
    x$fpl$dretinf                            0x080056ee   Section       12  dretinf.o(x$fpl$dretinf)
    $v0                                      0x080056ee   Number         0  dretinf.o(x$fpl$dretinf)
    x$fpl$fpinit                             0x080056fa   Section       10  fpinit.o(x$fpl$fpinit)
    $v0                                      0x080056fa   Number         0  fpinit.o(x$fpl$fpinit)
    x$fpl$fretinf                            0x08005704   Section       10  fretinf.o(x$fpl$fretinf)
    $v0                                      0x08005704   Number         0  fretinf.o(x$fpl$fretinf)
    x$fpl$usenofp                            0x0800570e   Section        0  usenofp.o(x$fpl$usenofp)
    .constdata                               0x08005710   Section      156  main.o(.constdata)
    .constdata                               0x080057ac   Section       64  system_stm32l4xx.o(.constdata)
    .constdata                               0x080057ec   Section        8  system_stm32l4xx.o(.constdata)
    .conststring                             0x080057f4   Section       94  main.o(.conststring)
    .data                                    0x20000000   Section       92  main.o(.data)
    .data                                    0x2000005c   Section       12  stm32l4xx_hal.o(.data)
    .data                                    0x20000068   Section        4  system_stm32l4xx.o(.data)
    .data                                    0x2000006c   Section       60  tasks.o(.data)
    uxDeletedTasksWaitingCleanUp             0x20000070   Data           4  tasks.o(.data)
    uxCurrentNumberOfTasks                   0x20000074   Data           4  tasks.o(.data)
    xTickCount                               0x20000078   Data           4  tasks.o(.data)
    uxTopReadyPriority                       0x2000007c   Data           4  tasks.o(.data)
    xSchedulerRunning                        0x20000080   Data           4  tasks.o(.data)
    xPendedTicks                             0x20000084   Data           4  tasks.o(.data)
    xYieldPending                            0x20000088   Data           4  tasks.o(.data)
    xNumOfOverflows                          0x2000008c   Data           4  tasks.o(.data)
    uxTaskNumber                             0x20000090   Data           4  tasks.o(.data)
    xNextTaskUnblockTime                     0x20000094   Data           4  tasks.o(.data)
    xIdleTaskHandle                          0x20000098   Data           4  tasks.o(.data)
    uxSchedulerSuspended                     0x2000009c   Data           4  tasks.o(.data)
    pxDelayedTaskList                        0x200000a0   Data           4  tasks.o(.data)
    pxOverflowDelayedTaskList                0x200000a4   Data           4  tasks.o(.data)
    .data                                    0x200000a8   Section       20  timers.o(.data)
    xTimerQueue                              0x200000a8   Data           4  timers.o(.data)
    xTimerTaskHandle                         0x200000ac   Data           4  timers.o(.data)
    xLastTime                                0x200000b0   Data           4  timers.o(.data)
    pxCurrentTimerList                       0x200000b4   Data           4  timers.o(.data)
    pxOverflowTimerList                      0x200000b8   Data           4  timers.o(.data)
    .data                                    0x200000bc   Section        4  cmsis_os2.o(.data)
    KernelState                              0x200000bc   Data           4  cmsis_os2.o(.data)
    .data                                    0x200000c0   Section       32  heap_4.o(.data)
    pxEnd                                    0x200000c0   Data           4  heap_4.o(.data)
    xFreeBytesRemaining                      0x200000c4   Data           4  heap_4.o(.data)
    xMinimumEverFreeBytesRemaining           0x200000c8   Data           4  heap_4.o(.data)
    xNumberOfSuccessfulAllocations           0x200000cc   Data           4  heap_4.o(.data)
    xNumberOfSuccessfulFrees                 0x200000d0   Data           4  heap_4.o(.data)
    xBlockAllocatedBit                       0x200000d4   Data           4  heap_4.o(.data)
    xStart                                   0x200000d8   Data           8  heap_4.o(.data)
    .data                                    0x200000e0   Section       12  port.o(.data)
    ucMaxSysCallPriority                     0x200000e0   Data           1  port.o(.data)
    uxCriticalNesting                        0x200000e4   Data           4  port.o(.data)
    ulMaxPRIGROUPValue                       0x200000e8   Data           4  port.o(.data)
    .bss                                     0x200000ec   Section      433  main.o(.bss)
    .bss                                     0x200002a0   Section       72  main.o(.bss)
    .bss                                     0x200002e8   Section       72  main.o(.bss)
    .bss                                     0x20000330   Section       72  main.o(.bss)
    .bss                                     0x20000378   Section       72  main.o(.bss)
    .bss                                     0x200003c0   Section       76  stm32l4xx_hal_timebase_tim.o(.bss)
    .bss                                     0x2000040c   Section       64  queue.o(.bss)
    .bss                                     0x2000044c   Section     1220  tasks.o(.bss)
    pxReadyTasksLists                        0x2000044c   Data        1120  tasks.o(.bss)
    xDelayedTaskList1                        0x200008ac   Data          20  tasks.o(.bss)
    xDelayedTaskList2                        0x200008c0   Data          20  tasks.o(.bss)
    xPendingReadyList                        0x200008d4   Data          20  tasks.o(.bss)
    xTasksWaitingTermination                 0x200008e8   Data          20  tasks.o(.bss)
    xSuspendedTaskList                       0x200008fc   Data          20  tasks.o(.bss)
    .bss                                     0x20000910   Section      280  timers.o(.bss)
    xStaticTimerQueue                        0x20000910   Data          80  timers.o(.bss)
    ucStaticTimerQueueStorage                0x20000960   Data         160  timers.o(.bss)
    xActiveTimerList1                        0x20000a00   Data          20  timers.o(.bss)
    xActiveTimerList2                        0x20000a14   Data          20  timers.o(.bss)
    .bss                                     0x20000a28   Section     1720  cmsis_os2.o(.bss)
    Idle_TCB                                 0x20000a28   Data          92  cmsis_os2.o(.bss)
    Idle_Stack                               0x20000a84   Data         512  cmsis_os2.o(.bss)
    Timer_TCB                                0x20000c84   Data          92  cmsis_os2.o(.bss)
    Timer_Stack                              0x20000ce0   Data        1024  cmsis_os2.o(.bss)
    .bss                                     0x200010e0   Section     3000  heap_4.o(.bss)
    ucHeap                                   0x200010e0   Data        3000  heap_4.o(.bss)
    .bss                                     0x20001c98   Section       96  libspace.o(.bss)
    HEAP                                     0x20001cf8   Section      512  startup_stm32l432xx.o(HEAP)
    Heap_Mem                                 0x20001cf8   Data         512  startup_stm32l432xx.o(HEAP)
    STACK                                    0x20001ef8   Section     1024  startup_stm32l432xx.o(STACK)
    Stack_Mem                                0x20001ef8   Data        1024  startup_stm32l432xx.o(STACK)
    __initial_sp                             0x200022f8   Data           0  startup_stm32l432xx.o(STACK)

    Global Symbols

    Symbol Name                              Value     Ov Type        Size  Object(Section)

    BuildAttributes$$THM_ISAv4$E$P$D$K$B$S$7EM$VFPi3$EXTD16$VFPS$VFMA$PE$A:L22UL41UL21$X:L11$S22US41US21$IEEE1$IW$USESV6$~STKCKD$USESV7$~SHL$OSPACE$ROPI$EBA8$UX$STANDARDLIB$REQ8$PRES8$EABIv2 0x00000000   Number         0  anon$$obj.o ABSOLUTE
    __ARM_use_no_argv                        0x00000000   Number         0  main.o ABSOLUTE
    __ARM_exceptions_init                     - Undefined Weak Reference
    __alloca_initialize                       - Undefined Weak Reference
    __arm_fini_                               - Undefined Weak Reference
    __arm_preinit_                            - Undefined Weak Reference
    __cpp_initialize__aeabi_                  - Undefined Weak Reference
    __cxa_finalize                            - Undefined Weak Reference
    __rt_locale                               - Undefined Weak Reference
    __sigvec_lookup                           - Undefined Weak Reference
    _atexit_init                              - Undefined Weak Reference
    _call_atexit_fns                          - Undefined Weak Reference
    _clock_init                               - Undefined Weak Reference
    _fp_trap_init                             - Undefined Weak Reference
    _fp_trap_shutdown                         - Undefined Weak Reference
    _get_lc_collate                           - Undefined Weak Reference
    _get_lc_ctype                             - Undefined Weak Reference
    _get_lc_monetary                          - Undefined Weak Reference
    _get_lc_numeric                           - Undefined Weak Reference
    _get_lc_time                              - Undefined Weak Reference
    _getenv_init                              - Undefined Weak Reference
    _handle_redirection                       - Undefined Weak Reference
    _init_alloc                               - Undefined Weak Reference
    _init_user_alloc                          - Undefined Weak Reference
    _initio                                   - Undefined Weak Reference
    _rand_init                                - Undefined Weak Reference
    _signal_finish                            - Undefined Weak Reference
    _signal_init                              - Undefined Weak Reference
    _terminate_alloc                          - Undefined Weak Reference
    _terminate_user_alloc                     - Undefined Weak Reference
    _terminateio                              - Undefined Weak Reference
    __Vectors_Size                           0x0000018c   Number         0  startup_stm32l432xx.o ABSOLUTE
    __Vectors                                0x08000000   Data           4  startup_stm32l432xx.o(RESET)
    __Vectors_End                            0x0800018c   Data           0  startup_stm32l432xx.o(RESET)
    __main                                   0x0800018d   Thumb Code     8  __main.o(!!!main)
    __scatterload                            0x08000195   Thumb Code     0  __scatter.o(!!!scatter)
    __scatterload_rt2                        0x08000195   Thumb Code    44  __scatter.o(!!!scatter)
    __scatterload_rt2_thumb_only             0x08000195   Thumb Code     0  __scatter.o(!!!scatter)
    __scatterload_null                       0x080001a3   Thumb Code     0  __scatter.o(!!!scatter)
    __scatterload_copy                       0x080001c9   Thumb Code    26  __scatter_copy.o(!!handler_copy)
    __scatterload_zeroinit                   0x080001e5   Thumb Code    28  __scatter_zi.o(!!handler_zi)
    __rt_lib_init                            0x08000201   Thumb Code     0  libinit.o(.ARM.Collect$$libinit$$00000000)
    __rt_lib_init_fp_1                       0x08000203   Thumb Code     0  libinit2.o(.ARM.Collect$$libinit$$00000001)
    __rt_lib_init_alloca_1                   0x08000207   Thumb Code     0  libinit2.o(.ARM.Collect$$libinit$$0000002E)
    __rt_lib_init_argv_1                     0x08000207   Thumb Code     0  libinit2.o(.ARM.Collect$$libinit$$0000002C)
    __rt_lib_init_atexit_1                   0x08000207   Thumb Code     0  libinit2.o(.ARM.Collect$$libinit$$0000001B)
    __rt_lib_init_clock_1                    0x08000207   Thumb Code     0  libinit2.o(.ARM.Collect$$libinit$$00000021)
    __rt_lib_init_cpp_1                      0x08000207   Thumb Code     0  libinit2.o(.ARM.Collect$$libinit$$00000032)
    __rt_lib_init_exceptions_1               0x08000207   Thumb Code     0  libinit2.o(.ARM.Collect$$libinit$$00000030)
    __rt_lib_init_fp_trap_1                  0x08000207   Thumb Code     0  libinit2.o(.ARM.Collect$$libinit$$0000001F)
    __rt_lib_init_getenv_1                   0x08000207   Thumb Code     0  libinit2.o(.ARM.Collect$$libinit$$00000023)
    __rt_lib_init_heap_1                     0x08000207   Thumb Code     0  libinit2.o(.ARM.Collect$$libinit$$0000000A)
    __rt_lib_init_lc_collate_1               0x08000207   Thumb Code     0  libinit2.o(.ARM.Collect$$libinit$$00000011)
    __rt_lib_init_lc_ctype_1                 0x08000207   Thumb Code     0  libinit2.o(.ARM.Collect$$libinit$$00000013)
    __rt_lib_init_lc_monetary_1              0x08000207   Thumb Code     0  libinit2.o(.ARM.Collect$$libinit$$00000015)
    __rt_lib_init_lc_numeric_1               0x08000207   Thumb Code     0  libinit2.o(.ARM.Collect$$libinit$$00000017)
    __rt_lib_init_lc_time_1                  0x08000207   Thumb Code     0  libinit2.o(.ARM.Collect$$libinit$$00000019)
    __rt_lib_init_preinit_1                  0x08000207   Thumb Code     0  libinit2.o(.ARM.Collect$$libinit$$00000004)
    __rt_lib_init_rand_1                     0x08000207   Thumb Code     0  libinit2.o(.ARM.Collect$$libinit$$0000000E)
    __rt_lib_init_return                     0x08000207   Thumb Code     0  libinit2.o(.ARM.Collect$$libinit$$00000033)
    __rt_lib_init_signal_1                   0x08000207   Thumb Code     0  libinit2.o(.ARM.Collect$$libinit$$0000001D)
    __rt_lib_init_stdio_1                    0x08000207   Thumb Code     0  libinit2.o(.ARM.Collect$$libinit$$00000025)
    __rt_lib_init_user_alloc_1               0x08000207   Thumb Code     0  libinit2.o(.ARM.Collect$$libinit$$0000000C)
    __rt_lib_shutdown                        0x08000209   Thumb Code     0  libshutdown.o(.ARM.Collect$$libshutdown$$00000000)
    __rt_lib_shutdown_cpp_1                  0x0800020b   Thumb Code     0  libshutdown2.o(.ARM.Collect$$libshutdown$$00000004)
    __rt_lib_shutdown_fini_1                 0x0800020b   Thumb Code     0  libshutdown2.o(.ARM.Collect$$libshutdown$$00000002)
    __rt_lib_shutdown_fp_trap_1              0x0800020b   Thumb Code     0  libshutdown2.o(.ARM.Collect$$libshutdown$$00000009)
    __rt_lib_shutdown_heap_1                 0x0800020b   Thumb Code     0  libshutdown2.o(.ARM.Collect$$libshutdown$$00000011)
    __rt_lib_shutdown_return                 0x0800020b   Thumb Code     0  libshutdown2.o(.ARM.Collect$$libshutdown$$00000012)
    __rt_lib_shutdown_signal_1               0x0800020b   Thumb Code     0  libshutdown2.o(.ARM.Collect$$libshutdown$$0000000C)
    __rt_lib_shutdown_stdio_1                0x0800020b   Thumb Code     0  libshutdown2.o(.ARM.Collect$$libshutdown$$00000006)
    __rt_lib_shutdown_user_alloc_1           0x0800020b   Thumb Code     0  libshutdown2.o(.ARM.Collect$$libshutdown$$0000000E)
    __rt_entry                               0x0800020d   Thumb Code     0  __rtentry.o(.ARM.Collect$$rtentry$$00000000)
    __rt_entry_presh_1                       0x0800020d   Thumb Code     0  __rtentry2.o(.ARM.Collect$$rtentry$$00000002)
    __rt_entry_sh                            0x0800020d   Thumb Code     0  __rtentry4.o(.ARM.Collect$$rtentry$$00000004)
    __rt_entry_li                            0x08000213   Thumb Code     0  __rtentry2.o(.ARM.Collect$$rtentry$$0000000A)
    __rt_entry_postsh_1                      0x08000213   Thumb Code     0  __rtentry2.o(.ARM.Collect$$rtentry$$00000009)
    __rt_entry_main                          0x08000217   Thumb Code     0  __rtentry2.o(.ARM.Collect$$rtentry$$0000000D)
    __rt_entry_postli_1                      0x08000217   Thumb Code     0  __rtentry2.o(.ARM.Collect$$rtentry$$0000000C)
    __rt_exit                                0x0800021f   Thumb Code     0  rtexit.o(.ARM.Collect$$rtexit$$00000000)
    __rt_exit_ls                             0x08000221   Thumb Code     0  rtexit2.o(.ARM.Collect$$rtexit$$00000003)
    __rt_exit_prels_1                        0x08000221   Thumb Code     0  rtexit2.o(.ARM.Collect$$rtexit$$00000002)
    __rt_exit_exit                           0x08000225   Thumb Code     0  rtexit2.o(.ARM.Collect$$rtexit$$00000004)
    SVC_Handler                              0x0800022d   Thumb Code    28  port.o(.emb_text)
    __asm___6_port_c_39a90d8d__prvStartFirstTask 0x0800024d   Thumb Code    36  port.o(.emb_text)
    __asm___6_port_c_39a90d8d__prvEnableVFP  0x08000275   Thumb Code    16  port.o(.emb_text)
    PendSV_Handler                           0x08000289   Thumb Code    88  port.o(.emb_text)
    vPortGetIPSR                             0x080002e5   Thumb Code     6  port.o(.emb_text)
    Reset_Handler                            0x0800030d   Thumb Code     8  startup_stm32l432xx.o(.text)
    ADC1_IRQHandler                          0x08000327   Thumb Code     0  startup_stm32l432xx.o(.text)
    CAN1_RX0_IRQHandler                      0x08000327   Thumb Code     0  startup_stm32l432xx.o(.text)
    CAN1_RX1_IRQHandler                      0x08000327   Thumb Code     0  startup_stm32l432xx.o(.text)
    CAN1_SCE_IRQHandler                      0x08000327   Thumb Code     0  startup_stm32l432xx.o(.text)
    CAN1_TX_IRQHandler                       0x08000327   Thumb Code     0  startup_stm32l432xx.o(.text)
    COMP_IRQHandler                          0x08000327   Thumb Code     0  startup_stm32l432xx.o(.text)
    CRS_IRQHandler                           0x08000327   Thumb Code     0  startup_stm32l432xx.o(.text)
    DMA1_Channel1_IRQHandler                 0x08000327   Thumb Code     0  startup_stm32l432xx.o(.text)
    DMA1_Channel2_IRQHandler                 0x08000327   Thumb Code     0  startup_stm32l432xx.o(.text)
    DMA1_Channel3_IRQHandler                 0x08000327   Thumb Code     0  startup_stm32l432xx.o(.text)
    DMA2_Channel1_IRQHandler                 0x08000327   Thumb Code     0  startup_stm32l432xx.o(.text)
    DMA2_Channel2_IRQHandler                 0x08000327   Thumb Code     0  startup_stm32l432xx.o(.text)
    DMA2_Channel3_IRQHandler                 0x08000327   Thumb Code     0  startup_stm32l432xx.o(.text)
    DMA2_Channel4_IRQHandler                 0x08000327   Thumb Code     0  startup_stm32l432xx.o(.text)
    DMA2_Channel5_IRQHandler                 0x08000327   Thumb Code     0  startup_stm32l432xx.o(.text)
    DMA2_Channel6_IRQHandler                 0x08000327   Thumb Code     0  startup_stm32l432xx.o(.text)
    DMA2_Channel7_IRQHandler                 0x08000327   Thumb Code     0  startup_stm32l432xx.o(.text)
    EXTI0_IRQHandler                         0x08000327   Thumb Code     0  startup_stm32l432xx.o(.text)
    EXTI15_10_IRQHandler                     0x08000327   Thumb Code     0  startup_stm32l432xx.o(.text)
    EXTI1_IRQHandler                         0x08000327   Thumb Code     0  startup_stm32l432xx.o(.text)
    EXTI2_IRQHandler                         0x08000327   Thumb Code     0  startup_stm32l432xx.o(.text)
    EXTI3_IRQHandler                         0x08000327   Thumb Code     0  startup_stm32l432xx.o(.text)
    EXTI4_IRQHandler                         0x08000327   Thumb Code     0  startup_stm32l432xx.o(.text)
    EXTI9_5_IRQHandler                       0x08000327   Thumb Code     0  startup_stm32l432xx.o(.text)
    FLASH_IRQHandler                         0x08000327   Thumb Code     0  startup_stm32l432xx.o(.text)
    FPU_IRQHandler                           0x08000327   Thumb Code     0  startup_stm32l432xx.o(.text)
    I2C1_ER_IRQHandler                       0x08000327   Thumb Code     0  startup_stm32l432xx.o(.text)
    I2C1_EV_IRQHandler                       0x08000327   Thumb Code     0  startup_stm32l432xx.o(.text)
    I2C3_ER_IRQHandler                       0x08000327   Thumb Code     0  startup_stm32l432xx.o(.text)
    I2C3_EV_IRQHandler                       0x08000327   Thumb Code     0  startup_stm32l432xx.o(.text)
    LPTIM1_IRQHandler                        0x08000327   Thumb Code     0  startup_stm32l432xx.o(.text)
    LPTIM2_IRQHandler                        0x08000327   Thumb Code     0  startup_stm32l432xx.o(.text)
    LPUART1_IRQHandler                       0x08000327   Thumb Code     0  startup_stm32l432xx.o(.text)
    PVD_PVM_IRQHandler                       0x08000327   Thumb Code     0  startup_stm32l432xx.o(.text)
    QUADSPI_IRQHandler                       0x08000327   Thumb Code     0  startup_stm32l432xx.o(.text)
    RCC_IRQHandler                           0x08000327   Thumb Code     0  startup_stm32l432xx.o(.text)
    RNG_IRQHandler                           0x08000327   Thumb Code     0  startup_stm32l432xx.o(.text)
    RTC_Alarm_IRQHandler                     0x08000327   Thumb Code     0  startup_stm32l432xx.o(.text)
    RTC_WKUP_IRQHandler                      0x08000327   Thumb Code     0  startup_stm32l432xx.o(.text)
    SAI1_IRQHandler                          0x08000327   Thumb Code     0  startup_stm32l432xx.o(.text)
    SPI1_IRQHandler                          0x08000327   Thumb Code     0  startup_stm32l432xx.o(.text)
    SPI3_IRQHandler                          0x08000327   Thumb Code     0  startup_stm32l432xx.o(.text)
    SWPMI1_IRQHandler                        0x08000327   Thumb Code     0  startup_stm32l432xx.o(.text)
    TAMP_STAMP_IRQHandler                    0x08000327   Thumb Code     0  startup_stm32l432xx.o(.text)
    TIM1_BRK_TIM15_IRQHandler                0x08000327   Thumb Code     0  startup_stm32l432xx.o(.text)
    TIM1_CC_IRQHandler                       0x08000327   Thumb Code     0  startup_stm32l432xx.o(.text)
    TIM1_TRG_COM_IRQHandler                  0x08000327   Thumb Code     0  startup_stm32l432xx.o(.text)
    TIM1_UP_TIM16_IRQHandler                 0x08000327   Thumb Code     0  startup_stm32l432xx.o(.text)
    TIM2_IRQHandler                          0x08000327   Thumb Code     0  startup_stm32l432xx.o(.text)
    TIM7_IRQHandler                          0x08000327   Thumb Code     0  startup_stm32l432xx.o(.text)
    TSC_IRQHandler                           0x08000327   Thumb Code     0  startup_stm32l432xx.o(.text)
    USART1_IRQHandler                        0x08000327   Thumb Code     0  startup_stm32l432xx.o(.text)
    USART2_IRQHandler                        0x08000327   Thumb Code     0  startup_stm32l432xx.o(.text)
    USB_IRQHandler                           0x08000327   Thumb Code     0  startup_stm32l432xx.o(.text)
    WWDG_IRQHandler                          0x08000327   Thumb Code     0  startup_stm32l432xx.o(.text)
    __user_initial_stackheap                 0x08000329   Thumb Code     0  startup_stm32l432xx.o(.text)
    __aeabi_uldivmod                         0x0800034d   Thumb Code     0  lludivv7m.o(.text)
    _ll_udiv                                 0x0800034d   Thumb Code   238  lludivv7m.o(.text)
    __aeabi_memcpy                           0x0800043b   Thumb Code     0  rt_memcpy_v6.o(.text)
    __rt_memcpy                              0x0800043b   Thumb Code   138  rt_memcpy_v6.o(.text)
    _memcpy_lastbytes                        0x080004a1   Thumb Code     0  rt_memcpy_v6.o(.text)
    __aeabi_memset                           0x080004c5   Thumb Code    16  aeabi_memset.o(.text)
    __aeabi_memclr4                          0x080004d5   Thumb Code     0  rt_memclr_w.o(.text)
    __aeabi_memclr8                          0x080004d5   Thumb Code     0  rt_memclr_w.o(.text)
    __rt_memclr_w                            0x080004d5   Thumb Code    78  rt_memclr_w.o(.text)
    _memset_w                                0x080004d9   Thumb Code     0  rt_memclr_w.o(.text)
    __use_two_region_memory                  0x08000523   Thumb Code     2  heapauxi.o(.text)
    __rt_heap_escrow$2region                 0x08000525   Thumb Code     2  heapauxi.o(.text)
    __rt_heap_expand$2region                 0x08000527   Thumb Code     2  heapauxi.o(.text)
    __aeabi_memcpy4                          0x08000529   Thumb Code     0  rt_memcpy_w.o(.text)
    __aeabi_memcpy8                          0x08000529   Thumb Code     0  rt_memcpy_w.o(.text)
    __rt_memcpy_w                            0x08000529   Thumb Code   100  rt_memcpy_w.o(.text)
    _memcpy_lastbytes_aligned                0x08000571   Thumb Code     0  rt_memcpy_w.o(.text)
    __aeabi_memclr                           0x0800058d   Thumb Code     0  rt_memclr.o(.text)
    __rt_memclr                              0x0800058d   Thumb Code    68  rt_memclr.o(.text)
    _memset                                  0x08000591   Thumb Code     0  rt_memclr.o(.text)
    __user_setup_stackheap                   0x080005d1   Thumb Code    74  sys_stackheap_outer.o(.text)
    exit                                     0x0800061b   Thumb Code    18  exit.o(.text)
    __user_libspace                          0x0800062d   Thumb Code     8  libspace.o(.text)
    __user_perproc_libspace                  0x0800062d   Thumb Code     0  libspace.o(.text)
    __user_perthread_libspace                0x0800062d   Thumb Code     0  libspace.o(.text)
    _sys_exit                                0x08000635   Thumb Code     8  sys_exit.o(.text)
    __I$use$semihosting                      0x08000641   Thumb Code     0  use_no_semi.o(.text)
    __use_no_semihosting_swi                 0x08000641   Thumb Code     2  use_no_semi.o(.text)
    BusFault_Handler                         0x08000643   Thumb Code     2  stm32l4xx_it.o(i.BusFault_Handler)
    __semihosting_library_function           0x08000643   Thumb Code     0  indicate_semi.o(.text)
    DMA1_Channel4_IRQHandler                 0x08000645   Thumb Code     6  stm32l4xx_it.o(i.DMA1_Channel4_IRQHandler)
    DMA1_Channel5_IRQHandler                 0x08000651   Thumb Code     6  stm32l4xx_it.o(i.DMA1_Channel5_IRQHandler)
    DMA1_Channel6_IRQHandler                 0x0800065d   Thumb Code     6  stm32l4xx_it.o(i.DMA1_Channel6_IRQHandler)
    DMA1_Channel7_IRQHandler                 0x08000669   Thumb Code     6  stm32l4xx_it.o(i.DMA1_Channel7_IRQHandler)
    DebugMon_Handler                         0x080006a3   Thumb Code     2  stm32l4xx_it.o(i.DebugMon_Handler)
    DisplayNumber                            0x080006a5   Thumb Code    28  main.o(i.DisplayNumber)
    Error_Handler                            0x080006c9   Thumb Code     4  main.o(i.Error_Handler)
    HAL_DMA_IRQHandler                       0x080006cd   Thumb Code   186  stm32l4xx_hal_dma.o(i.HAL_DMA_IRQHandler)
    HAL_DMA_Init                             0x08000789   Thumb Code   178  stm32l4xx_hal_dma.o(i.HAL_DMA_Init)
    HAL_DMA_Start_IT                         0x08000849   Thumb Code   112  stm32l4xx_hal_dma.o(i.HAL_DMA_Start_IT)
    HAL_Delay                                0x080008b9   Thumb Code    32  stm32l4xx_hal.o(i.HAL_Delay)
    HAL_GPIO_Init                            0x080008dd   Thumb Code   488  stm32l4xx_hal_gpio.o(i.HAL_GPIO_Init)
    HAL_GPIO_ReadPin                         0x08000adf   Thumb Code    10  stm32l4xx_hal_gpio.o(i.HAL_GPIO_ReadPin)
    HAL_GPIO_WritePin                        0x08000ae9   Thumb Code    10  stm32l4xx_hal_gpio.o(i.HAL_GPIO_WritePin)
    HAL_GetTick                              0x08000af5   Thumb Code     6  stm32l4xx_hal.o(i.HAL_GetTick)
    HAL_IncTick                              0x08000b01   Thumb Code    12  stm32l4xx_hal.o(i.HAL_IncTick)
    HAL_Init                                 0x08000b11   Thumb Code    30  stm32l4xx_hal.o(i.HAL_Init)
    HAL_InitTick                             0x08000b31   Thumb Code   132  stm32l4xx_hal_timebase_tim.o(i.HAL_InitTick)
    HAL_MspInit                              0x08000bc9   Thumb Code    48  stm32l4xx_hal_msp.o(i.HAL_MspInit)
    HAL_NVIC_EnableIRQ                       0x08000bfd   Thumb Code    26  stm32l4xx_hal_cortex.o(i.HAL_NVIC_EnableIRQ)
    HAL_NVIC_SetPriority                     0x08000c19   Thumb Code    60  stm32l4xx_hal_cortex.o(i.HAL_NVIC_SetPriority)
    HAL_NVIC_SetPriorityGrouping             0x08000c59   Thumb Code    26  stm32l4xx_hal_cortex.o(i.HAL_NVIC_SetPriorityGrouping)
    HAL_PWREx_ControlVoltageScaling          0x08000c7d   Thumb Code    90  stm32l4xx_hal_pwr_ex.o(i.HAL_PWREx_ControlVoltageScaling)
    HAL_PWREx_GetVoltageRange                0x08000ce5   Thumb Code    10  stm32l4xx_hal_pwr_ex.o(i.HAL_PWREx_GetVoltageRange)
    HAL_RCCEx_PeriphCLKConfig                0x08000cf5   Thumb Code   634  stm32l4xx_hal_rcc_ex.o(i.HAL_RCCEx_PeriphCLKConfig)
    HAL_RCC_ClockConfig                      0x08000f81   Thumb Code   304  stm32l4xx_hal_rcc.o(i.HAL_RCC_ClockConfig)
    HAL_RCC_GetClockConfig                   0x080010c5   Thumb Code    54  stm32l4xx_hal_rcc.o(i.HAL_RCC_GetClockConfig)
    HAL_RCC_GetPCLK1Freq                     0x08001105   Thumb Code    24  stm32l4xx_hal_rcc.o(i.HAL_RCC_GetPCLK1Freq)
    HAL_RCC_GetPCLK2Freq                     0x08001129   Thumb Code    24  stm32l4xx_hal_rcc.o(i.HAL_RCC_GetPCLK2Freq)
    HAL_RCC_GetSysClockFreq                  0x0800114d   Thumb Code   150  stm32l4xx_hal_rcc.o(i.HAL_RCC_GetSysClockFreq)
    HAL_RCC_OscConfig                        0x080011f1   Thumb Code  1366  stm32l4xx_hal_rcc.o(i.HAL_RCC_OscConfig)
    HAL_TIMEx_Break2Callback                 0x08001751   Thumb Code     2  stm32l4xx_hal_tim_ex.o(i.HAL_TIMEx_Break2Callback)
    HAL_TIMEx_BreakCallback                  0x08001753   Thumb Code     2  stm32l4xx_hal_tim_ex.o(i.HAL_TIMEx_BreakCallback)
    HAL_TIMEx_CommutCallback                 0x08001755   Thumb Code     2  stm32l4xx_hal_tim_ex.o(i.HAL_TIMEx_CommutCallback)
    HAL_TIMEx_ConfigBreakDeadTime            0x08001759   Thumb Code   126  stm32l4xx_hal_tim_ex.o(i.HAL_TIMEx_ConfigBreakDeadTime)
    HAL_TIMEx_MasterConfigSynchronization    0x080017dd   Thumb Code    98  stm32l4xx_hal_tim_ex.o(i.HAL_TIMEx_MasterConfigSynchronization)
    HAL_TIM_Base_Init                        0x08001849   Thumb Code    98  stm32l4xx_hal_tim.o(i.HAL_TIM_Base_Init)
    HAL_TIM_Base_MspInit                     0x080018ad   Thumb Code    52  stm32l4xx_hal_msp.o(i.HAL_TIM_Base_MspInit)
    HAL_TIM_Base_Start_IT                    0x080018e9   Thumb Code    76  stm32l4xx_hal_tim.o(i.HAL_TIM_Base_Start_IT)
    HAL_TIM_ConfigClockSource                0x08001941   Thumb Code   220  stm32l4xx_hal_tim.o(i.HAL_TIM_ConfigClockSource)
    HAL_TIM_IC_CaptureCallback               0x08001a21   Thumb Code     2  stm32l4xx_hal_tim.o(i.HAL_TIM_IC_CaptureCallback)
    HAL_TIM_IRQHandler                       0x08001a23   Thumb Code   330  stm32l4xx_hal_tim.o(i.HAL_TIM_IRQHandler)
    HAL_TIM_MspPostInit                      0x08001b6d   Thumb Code    98  stm32l4xx_hal_msp.o(i.HAL_TIM_MspPostInit)
    HAL_TIM_OC_DelayElapsedCallback          0x08001bd9   Thumb Code     2  stm32l4xx_hal_tim.o(i.HAL_TIM_OC_DelayElapsedCallback)
    HAL_TIM_PWM_ConfigChannel                0x08001bdb   Thumb Code   292  stm32l4xx_hal_tim.o(i.HAL_TIM_PWM_ConfigChannel)
    HAL_TIM_PWM_Init                         0x08001cff   Thumb Code    98  stm32l4xx_hal_tim.o(i.HAL_TIM_PWM_Init)
    HAL_TIM_PWM_MspInit                      0x08001d61   Thumb Code     2  stm32l4xx_hal_tim.o(i.HAL_TIM_PWM_MspInit)
    HAL_TIM_PWM_PulseFinishedCallback        0x08001d63   Thumb Code     2  stm32l4xx_hal_tim.o(i.HAL_TIM_PWM_PulseFinishedCallback)
    HAL_TIM_PWM_Start                        0x08001d65   Thumb Code   190  stm32l4xx_hal_tim.o(i.HAL_TIM_PWM_Start)
    HAL_TIM_PWM_Stop                         0x08001e35   Thumb Code   140  stm32l4xx_hal_tim.o(i.HAL_TIM_PWM_Stop)
    HAL_TIM_PeriodElapsedCallback            0x08001ecd   Thumb Code    14  main.o(i.HAL_TIM_PeriodElapsedCallback)
    HAL_TIM_TriggerCallback                  0x08001ee1   Thumb Code     2  stm32l4xx_hal_tim.o(i.HAL_TIM_TriggerCallback)
    HAL_UARTEx_RxEventCallback               0x08001ee3   Thumb Code     2  stm32l4xx_hal_uart.o(i.HAL_UARTEx_RxEventCallback)
    HAL_UART_ErrorCallback                   0x08001ee5   Thumb Code     2  stm32l4xx_hal_uart.o(i.HAL_UART_ErrorCallback)
    HAL_UART_Init                            0x08001ee7   Thumb Code   102  stm32l4xx_hal_uart.o(i.HAL_UART_Init)
    HAL_UART_MspInit                         0x08001f4d   Thumb Code   372  stm32l4xx_hal_msp.o(i.HAL_UART_MspInit)
    HAL_UART_Receive_DMA                     0x080020e9   Thumb Code    66  stm32l4xx_hal_uart.o(i.HAL_UART_Receive_DMA)
    HAL_UART_RxCpltCallback                  0x08002131   Thumb Code   136  main.o(i.HAL_UART_RxCpltCallback)
    HAL_UART_RxHalfCpltCallback              0x080021c5   Thumb Code     2  stm32l4xx_hal_uart.o(i.HAL_UART_RxHalfCpltCallback)
    HAL_UART_Transmit_DMA                    0x080021c9   Thumb Code   126  stm32l4xx_hal_uart.o(i.HAL_UART_Transmit_DMA)
    HAL_UART_TxCpltCallback                  0x08002255   Thumb Code     2  stm32l4xx_hal_uart.o(i.HAL_UART_TxCpltCallback)
    HAL_UART_TxHalfCpltCallback              0x08002257   Thumb Code     2  stm32l4xx_hal_uart.o(i.HAL_UART_TxHalfCpltCallback)
    HardFault_Handler                        0x08002259   Thumb Code     2  stm32l4xx_it.o(i.HardFault_Handler)
    Load_Cell_Init                           0x0800225d   Thumb Code    44  main.o(i.Load_Cell_Init)
    MemManage_Handler                        0x080024f9   Thumb Code     2  stm32l4xx_it.o(i.MemManage_Handler)
    NMI_Handler                              0x080024fb   Thumb Code     2  stm32l4xx_it.o(i.NMI_Handler)
    Servo_Motor_Init                         0x080026a5   Thumb Code   148  main.o(i.Servo_Motor_Init)
    Stepper_Motor_Init                       0x08002741   Thumb Code   108  main.o(i.Stepper_Motor_Init)
    SysTick_Handler                          0x080027b9   Thumb Code    26  cmsis_os2.o(i.SysTick_Handler)
    SystemClock_Config                       0x080027d3   Thumb Code   116  main.o(i.SystemClock_Config)
    SystemInit                               0x08002849   Thumb Code    12  system_stm32l4xx.o(i.SystemInit)
    TIM6_DAC_IRQHandler                      0x08002859   Thumb Code     6  stm32l4xx_it.o(i.TIM6_DAC_IRQHandler)
    TIM_Base_SetConfig                       0x08002865   Thumb Code   108  stm32l4xx_hal_tim.o(i.TIM_Base_SetConfig)
    TIM_CCxChannelCmd                        0x080028dd   Thumb Code    26  stm32l4xx_hal_tim.o(i.TIM_CCxChannelCmd)
    TIM_ETR_SetConfig                        0x080028f7   Thumb Code    20  stm32l4xx_hal_tim.o(i.TIM_ETR_SetConfig)
    TIM_OC2_SetConfig                        0x08002995   Thumb Code   102  stm32l4xx_hal_tim.o(i.TIM_OC2_SetConfig)
    UART_AdvFeatureConfig                    0x08002bdf   Thumb Code   200  stm32l4xx_hal_uart.o(i.UART_AdvFeatureConfig)
    UART_CheckIdleState                      0x08002ca7   Thumb Code   168  stm32l4xx_hal_uart.o(i.UART_CheckIdleState)
    UART_SetConfig                           0x08002ef5   Thumb Code   448  stm32l4xx_hal_uart.o(i.UART_SetConfig)
    UART_Start_Receive_DMA                   0x080030d1   Thumb Code   146  stm32l4xx_hal_uart.o(i.UART_Start_Receive_DMA)
    UART_WaitOnFlagUntilTimeout              0x08003171   Thumb Code   148  stm32l4xx_hal_uart.o(i.UART_WaitOnFlagUntilTimeout)
    UsageFault_Handler                       0x08003205   Thumb Code     2  stm32l4xx_it.o(i.UsageFault_Handler)
    adjust_stepper_speed                     0x08003229   Thumb Code    10  main.o(i.adjust_stepper_speed)
    getHX711                                 0x08003239   Thumb Code   128  main.o(i.getHX711)
    main                                     0x080032bd   Thumb Code   274  main.o(i.main)
    move_servo_to_angle                      0x080033f5   Thumb Code    94  main.o(i.move_servo_to_angle)
    osDelay                                  0x0800345d   Thumb Code    26  cmsis_os2.o(i.osDelay)
    osKernelInitialize                       0x08003479   Thumb Code    32  cmsis_os2.o(i.osKernelInitialize)
    osKernelStart                            0x0800349d   Thumb Code    48  cmsis_os2.o(i.osKernelStart)
    osSemaphoreAcquire                       0x080034d5   Thumb Code    88  cmsis_os2.o(i.osSemaphoreAcquire)
    osSemaphoreNew                           0x08003531   Thumb Code   152  cmsis_os2.o(i.osSemaphoreNew)
    osSemaphoreRelease                       0x080035c9   Thumb Code    82  cmsis_os2.o(i.osSemaphoreRelease)
    osThreadNew                              0x08003621   Thumb Code   138  cmsis_os2.o(i.osThreadNew)
    pvPortMalloc                             0x08003e45   Thumb Code   216  heap_4.o(i.pvPortMalloc)
    pvTaskIncrementMutexHeldCount            0x08003f21   Thumb Code    18  tasks.o(i.pvTaskIncrementMutexHeldCount)
    pxPortInitialiseStack                    0x08003f39   Thumb Code    40  port.o(i.pxPortInitialiseStack)
    uxListRemove                             0x08003f65   Thumb Code    38  list.o(i.uxListRemove)
    vApplicationGetIdleTaskMemory            0x08003f8d   Thumb Code    16  cmsis_os2.o(i.vApplicationGetIdleTaskMemory)
    vApplicationGetTimerTaskMemory           0x08003fa1   Thumb Code    18  cmsis_os2.o(i.vApplicationGetTimerTaskMemory)
    vListInitialise                          0x08003fb9   Thumb Code    22  list.o(i.vListInitialise)
    vListInitialiseItem                      0x08003fcf   Thumb Code     6  list.o(i.vListInitialiseItem)
    vListInsert                              0x08003fd5   Thumb Code    48  list.o(i.vListInsert)
    vListInsertEnd                           0x08004005   Thumb Code    24  list.o(i.vListInsertEnd)
    vPortEnterCritical                       0x0800401d   Thumb Code    54  port.o(i.vPortEnterCritical)
    vPortExitCritical                        0x0800405d   Thumb Code    34  port.o(i.vPortExitCritical)
    vPortFree                                0x08004085   Thumb Code    94  heap_4.o(i.vPortFree)
    vPortSetupTimerInterrupt                 0x080040e9   Thumb Code    32  port.o(i.vPortSetupTimerInterrupt)
    vPortValidateInterruptPriority           0x0800410d   Thumb Code    74  port.o(i.vPortValidateInterruptPriority)
    vQueueAddToRegistry                      0x08004161   Thumb Code    34  queue.o(i.vQueueAddToRegistry)
    vQueueDelete                             0x08004189   Thumb Code    46  queue.o(i.vQueueDelete)
    vQueueUnregisterQueue                    0x080041b9   Thumb Code    36  queue.o(i.vQueueUnregisterQueue)
    vQueueWaitForMessageRestricted           0x080041e1   Thumb Code    68  queue.o(i.vQueueWaitForMessageRestricted)
    vTaskDelay                               0x08004225   Thumb Code    66  tasks.o(i.vTaskDelay)
    vTaskInternalSetTimeOutState             0x08004271   Thumb Code    12  tasks.o(i.vTaskInternalSetTimeOutState)
    vTaskMissedYield                         0x08004281   Thumb Code     8  tasks.o(i.vTaskMissedYield)
    vTaskPlaceOnEventList                    0x0800428d   Thumb Code    44  tasks.o(i.vTaskPlaceOnEventList)
    vTaskPlaceOnEventListRestricted          0x080042bd   Thumb Code    52  tasks.o(i.vTaskPlaceOnEventListRestricted)
    vTaskPriorityDisinheritAfterTimeout      0x080042f5   Thumb Code   134  tasks.o(i.vTaskPriorityDisinheritAfterTimeout)
    vTaskStartScheduler                      0x08004385   Thumb Code   118  tasks.o(i.vTaskStartScheduler)
    vTaskSuspendAll                          0x0800440d   Thumb Code    10  tasks.o(i.vTaskSuspendAll)
    vTaskSwitchContext                       0x0800441d   Thumb Code    90  tasks.o(i.vTaskSwitchContext)
    weigh                                    0x08004481   Thumb Code   142  main.o(i.weigh)
    xPortStartScheduler                      0x0800452d   Thumb Code   222  port.o(i.xPortStartScheduler)
    xPortSysTickHandler                      0x08004621   Thumb Code    38  port.o(i.xPortSysTickHandler)
    xQueueCreateCountingSemaphore            0x0800464d   Thumb Code    58  queue.o(i.xQueueCreateCountingSemaphore)
    xQueueCreateCountingSemaphoreStatic      0x08004687   Thumb Code    64  queue.o(i.xQueueCreateCountingSemaphoreStatic)
    xQueueGenericCreate                      0x080046c7   Thumb Code    66  queue.o(i.xQueueGenericCreate)
    xQueueGenericCreateStatic                0x08004709   Thumb Code   102  queue.o(i.xQueueGenericCreateStatic)
    xQueueGenericReset                       0x08004771   Thumb Code   132  queue.o(i.xQueueGenericReset)
    xQueueGenericSend                        0x080047f9   Thumb Code   346  queue.o(i.xQueueGenericSend)
    xQueueGenericSendFromISR                 0x08004959   Thumb Code   190  queue.o(i.xQueueGenericSendFromISR)
    xQueueGiveFromISR                        0x08004a17   Thumb Code   156  queue.o(i.xQueueGiveFromISR)
    xQueueReceive                            0x08004ab5   Thumb Code   308  queue.o(i.xQueueReceive)
    xQueueReceiveFromISR                     0x08004bed   Thumb Code   154  queue.o(i.xQueueReceiveFromISR)
    xQueueSemaphoreTake                      0x08004c89   Thumb Code   372  queue.o(i.xQueueSemaphoreTake)
    xTaskCheckForTimeOut                     0x08004e01   Thumb Code   112  tasks.o(i.xTaskCheckForTimeOut)
    xTaskCreate                              0x08004e75   Thumb Code    90  tasks.o(i.xTaskCreate)
    xTaskCreateStatic                        0x08004ed5   Thumb Code    86  tasks.o(i.xTaskCreateStatic)
    xTaskGetSchedulerState                   0x08004f2d   Thumb Code    22  tasks.o(i.xTaskGetSchedulerState)
    xTaskGetTickCount                        0x08004f49   Thumb Code     6  tasks.o(i.xTaskGetTickCount)
    xTaskIncrementTick                       0x08004f55   Thumb Code   192  tasks.o(i.xTaskIncrementTick)
    xTaskPriorityDisinherit                  0x0800501d   Thumb Code   118  tasks.o(i.xTaskPriorityDisinherit)
    xTaskPriorityInherit                     0x0800509d   Thumb Code   112  tasks.o(i.xTaskPriorityInherit)
    xTaskRemoveFromEventList                 0x08005115   Thumb Code    98  tasks.o(i.xTaskRemoveFromEventList)
    xTaskResumeAll                           0x08005185   Thumb Code   182  tasks.o(i.xTaskResumeAll)
    xTimerCreateTimerTask                    0x08005249   Thumb Code    78  timers.o(i.xTimerCreateTimerTask)
    xTimerGenericCommand                     0x080052a9   Thumb Code    98  timers.o(i.xTimerGenericCommand)
    __aeabi_d2f                              0x08005311   Thumb Code     0  d2f.o(x$fpl$d2f)
    _d2f                                     0x08005311   Thumb Code    98  d2f.o(x$fpl$d2f)
    __aeabi_ddiv                             0x08005375   Thumb Code     0  ddiv.o(x$fpl$ddiv)
    _ddiv                                    0x08005375   Thumb Code   552  ddiv.o(x$fpl$ddiv)
    __aeabi_i2d                              0x08005625   Thumb Code     0  dflt_clz.o(x$fpl$dflt)
    _dflt                                    0x08005625   Thumb Code    46  dflt_clz.o(x$fpl$dflt)
    __fpl_dnaninf                            0x08005653   Thumb Code   156  dnaninf.o(x$fpl$dnaninf)
    __fpl_dretinf                            0x080056ef   Thumb Code    12  dretinf.o(x$fpl$dretinf)
    _fp_init                                 0x080056fb   Thumb Code    10  fpinit.o(x$fpl$fpinit)
    __fplib_config_fpu_vfp                   0x08005703   Thumb Code     0  fpinit.o(x$fpl$fpinit)
    __fplib_config_pureend_doubles           0x08005703   Thumb Code     0  fpinit.o(x$fpl$fpinit)
    __fpl_fretinf                            0x08005705   Thumb Code    10  fretinf.o(x$fpl$fretinf)
    __I$use$fp                               0x0800570e   Number         0  usenofp.o(x$fpl$usenofp)
    Stepper_Motor_attributes                 0x08005710   Data          36  main.o(.constdata)
    Servo_Motor_attributes                   0x08005734   Data          36  main.o(.constdata)
    Load_Cell_attributes                     0x08005758   Data          36  main.o(.constdata)
    Stepper_Semaphore_attributes             0x0800577c   Data          16  main.o(.constdata)
    Servo_Semaphore_attributes               0x0800578c   Data          16  main.o(.constdata)
    Load_Cell_Semaphore_attributes           0x0800579c   Data          16  main.o(.constdata)
    AHBPrescTable                            0x080057ac   Data          16  system_stm32l4xx.o(.constdata)
    MSIRangeTable                            0x080057bc   Data          48  system_stm32l4xx.o(.constdata)
    APBPrescTable                            0x080057ec   Data           8  system_stm32l4xx.o(.constdata)
    Region$$Table$$Base                      0x08005854   Number         0  anon$$obj.o(Region$$Table)
    Region$$Table$$Limit                     0x08005874   Number         0  anon$$obj.o(Region$$Table)
    servo_active                             0x20000000   Data           1  main.o(.data)
    stop_servo                               0x20000001   Data           1  main.o(.data)
    movement_in_progress                     0x20000002   Data           1  main.o(.data)
    servo_running                            0x20000003   Data           1  main.o(.data)
    current_angle                            0x20000004   Data           2  main.o(.data)
    vp_address                               0x20000006   Data           2  main.o(.data)
    VP_Address                               0x20000008   Data           2  main.o(.data)
    length                                   0x2000000c   Data           4  main.o(.data)
    stepper_speed                            0x20000010   Data           4  main.o(.data)
    servo_angle                              0x20000014   Data           4  main.o(.data)
    start_flag                               0x20000018   Data           4  main.o(.data)
    tare                                     0x2000001c   Data           4  main.o(.data)
    knownOriginal                            0x20000020   Data           4  main.o(.data)
    knownHX711                               0x20000024   Data           4  main.o(.data)
    Stepper_MotorHandle                      0x20000028   Data           4  main.o(.data)
    Servo_MotorHandle                        0x2000002c   Data           4  main.o(.data)
    Load_CellHandle                          0x20000030   Data           4  main.o(.data)
    Stepper_SemaphoreHandle                  0x20000034   Data           4  main.o(.data)
    Servo_SemaphoreHandle                    0x20000038   Data           4  main.o(.data)
    Load_Cell_SemaphoreHandle                0x2000003c   Data           4  main.o(.data)
    force                                    0x20000040   Data           4  main.o(.data)
    buffer                                   0x20000044   Data          24  main.o(.data)
    uwTickFreq                               0x2000005c   Data           1  stm32l4xx_hal.o(.data)
    uwTickPrio                               0x20000060   Data           4  stm32l4xx_hal.o(.data)
    uwTick                                   0x20000064   Data           4  stm32l4xx_hal.o(.data)
    SystemCoreClock                          0x20000068   Data           4  system_stm32l4xx.o(.data)
    pxCurrentTCB                             0x2000006c   Data           4  tasks.o(.data)
    htim1                                    0x200000ec   Data          76  main.o(.bss)
    htim2                                    0x20000138   Data          76  main.o(.bss)
    huart1                                   0x20000184   Data         136  main.o(.bss)
    huart2                                   0x2000020c   Data         136  main.o(.bss)
    rx_buffer                                0x20000294   Data           9  main.o(.bss)
    hdma_usart1_rx                           0x200002a0   Data          72  main.o(.bss)
    hdma_usart1_tx                           0x200002e8   Data          72  main.o(.bss)
    hdma_usart2_rx                           0x20000330   Data          72  main.o(.bss)
    hdma_usart2_tx                           0x20000378   Data          72  main.o(.bss)
    htim6                                    0x200003c0   Data          76  stm32l4xx_hal_timebase_tim.o(.bss)
    xQueueRegistry                           0x2000040c   Data          64  queue.o(.bss)
    __libspace_start                         0x20001c98   Data          96  libspace.o(.bss)
    __temporary_stack_top$libspace           0x20001cf8   Data           0  libspace.o(.bss)



==============================================================================

Memory Map of the image

  Image Entry point : 0x0800018d

  Load Region LR_IROM1 (Base: 0x08000000, Size: 0x00005960, Max: 0x00040000, ABSOLUTE)

    Execution Region ER_IROM1 (Exec base: 0x08000000, Load base: 0x08000000, Size: 0x00005874, Max: 0x00040000, ABSOLUTE)

    Exec Addr    Load Addr    Size         Type   Attr      Idx    E Section Name        Object

    0x08000000   0x08000000   0x0000018c   Data   RO            3    RESET               startup_stm32l432xx.o
    0x0800018c   0x0800018c   0x00000008   Code   RO         5257  * !!!main             c_w.l(__main.o)
    0x08000194   0x08000194   0x00000034   Code   RO         5449    !!!scatter          c_w.l(__scatter.o)
    0x080001c8   0x080001c8   0x0000001a   Code   RO         5451    !!handler_copy      c_w.l(__scatter_copy.o)
    0x080001e2   0x080001e2   0x00000002   PAD
    0x080001e4   0x080001e4   0x0000001c   Code   RO         5453    !!handler_zi        c_w.l(__scatter_zi.o)
    0x08000200   0x08000200   0x00000002   Code   RO         5317    .ARM.Collect$$libinit$$00000000  c_w.l(libinit.o)
    0x08000202   0x08000202   0x00000004   Code   RO         5329    .ARM.Collect$$libinit$$00000001  c_w.l(libinit2.o)
    0x08000206   0x08000206   0x00000000   Code   RO         5332    .ARM.Collect$$libinit$$00000004  c_w.l(libinit2.o)
    0x08000206   0x08000206   0x00000000   Code   RO         5335    .ARM.Collect$$libinit$$0000000A  c_w.l(libinit2.o)
    0x08000206   0x08000206   0x00000000   Code   RO         5337    .ARM.Collect$$libinit$$0000000C  c_w.l(libinit2.o)
    0x08000206   0x08000206   0x00000000   Code   RO         5339    .ARM.Collect$$libinit$$0000000E  c_w.l(libinit2.o)
    0x08000206   0x08000206   0x00000000   Code   RO         5342    .ARM.Collect$$libinit$$00000011  c_w.l(libinit2.o)
    0x08000206   0x08000206   0x00000000   Code   RO         5344    .ARM.Collect$$libinit$$00000013  c_w.l(libinit2.o)
    0x08000206   0x08000206   0x00000000   Code   RO         5346    .ARM.Collect$$libinit$$00000015  c_w.l(libinit2.o)
    0x08000206   0x08000206   0x00000000   Code   RO         5348    .ARM.Collect$$libinit$$00000017  c_w.l(libinit2.o)
    0x08000206   0x08000206   0x00000000   Code   RO         5350    .ARM.Collect$$libinit$$00000019  c_w.l(libinit2.o)
    0x08000206   0x08000206   0x00000000   Code   RO         5352    .ARM.Collect$$libinit$$0000001B  c_w.l(libinit2.o)
    0x08000206   0x08000206   0x00000000   Code   RO         5354    .ARM.Collect$$libinit$$0000001D  c_w.l(libinit2.o)
    0x08000206   0x08000206   0x00000000   Code   RO         5356    .ARM.Collect$$libinit$$0000001F  c_w.l(libinit2.o)
    0x08000206   0x08000206   0x00000000   Code   RO         5358    .ARM.Collect$$libinit$$00000021  c_w.l(libinit2.o)
    0x08000206   0x08000206   0x00000000   Code   RO         5360    .ARM.Collect$$libinit$$00000023  c_w.l(libinit2.o)
    0x08000206   0x08000206   0x00000000   Code   RO         5362    .ARM.Collect$$libinit$$00000025  c_w.l(libinit2.o)
    0x08000206   0x08000206   0x00000000   Code   RO         5366    .ARM.Collect$$libinit$$0000002C  c_w.l(libinit2.o)
    0x08000206   0x08000206   0x00000000   Code   RO         5368    .ARM.Collect$$libinit$$0000002E  c_w.l(libinit2.o)
    0x08000206   0x08000206   0x00000000   Code   RO         5370    .ARM.Collect$$libinit$$00000030  c_w.l(libinit2.o)
    0x08000206   0x08000206   0x00000000   Code   RO         5372    .ARM.Collect$$libinit$$00000032  c_w.l(libinit2.o)
    0x08000206   0x08000206   0x00000002   Code   RO         5373    .ARM.Collect$$libinit$$00000033  c_w.l(libinit2.o)
    0x08000208   0x08000208   0x00000002   Code   RO         5404    .ARM.Collect$$libshutdown$$00000000  c_w.l(libshutdown.o)
    0x0800020a   0x0800020a   0x00000000   Code   RO         5430    .ARM.Collect$$libshutdown$$00000002  c_w.l(libshutdown2.o)
    0x0800020a   0x0800020a   0x00000000   Code   RO         5432    .ARM.Collect$$libshutdown$$00000004  c_w.l(libshutdown2.o)
    0x0800020a   0x0800020a   0x00000000   Code   RO         5434    .ARM.Collect$$libshutdown$$00000006  c_w.l(libshutdown2.o)
    0x0800020a   0x0800020a   0x00000000   Code   RO         5437    .ARM.Collect$$libshutdown$$00000009  c_w.l(libshutdown2.o)
    0x0800020a   0x0800020a   0x00000000   Code   RO         5440    .ARM.Collect$$libshutdown$$0000000C  c_w.l(libshutdown2.o)
    0x0800020a   0x0800020a   0x00000000   Code   RO         5442    .ARM.Collect$$libshutdown$$0000000E  c_w.l(libshutdown2.o)
    0x0800020a   0x0800020a   0x00000000   Code   RO         5445    .ARM.Collect$$libshutdown$$00000011  c_w.l(libshutdown2.o)
    0x0800020a   0x0800020a   0x00000002   Code   RO         5446    .ARM.Collect$$libshutdown$$00000012  c_w.l(libshutdown2.o)
    0x0800020c   0x0800020c   0x00000000   Code   RO         5271    .ARM.Collect$$rtentry$$00000000  c_w.l(__rtentry.o)
    0x0800020c   0x0800020c   0x00000000   Code   RO         5288    .ARM.Collect$$rtentry$$00000002  c_w.l(__rtentry2.o)
    0x0800020c   0x0800020c   0x00000006   Code   RO         5300    .ARM.Collect$$rtentry$$00000004  c_w.l(__rtentry4.o)
    0x08000212   0x08000212   0x00000000   Code   RO         5290    .ARM.Collect$$rtentry$$00000009  c_w.l(__rtentry2.o)
    0x08000212   0x08000212   0x00000004   Code   RO         5291    .ARM.Collect$$rtentry$$0000000A  c_w.l(__rtentry2.o)
    0x08000216   0x08000216   0x00000000   Code   RO         5293    .ARM.Collect$$rtentry$$0000000C  c_w.l(__rtentry2.o)
    0x08000216   0x08000216   0x00000008   Code   RO         5294    .ARM.Collect$$rtentry$$0000000D  c_w.l(__rtentry2.o)
    0x0800021e   0x0800021e   0x00000002   Code   RO         5321    .ARM.Collect$$rtexit$$00000000  c_w.l(rtexit.o)
    0x08000220   0x08000220   0x00000000   Code   RO         5377    .ARM.Collect$$rtexit$$00000002  c_w.l(rtexit2.o)
    0x08000220   0x08000220   0x00000004   Code   RO         5378    .ARM.Collect$$rtexit$$00000003  c_w.l(rtexit2.o)
    0x08000224   0x08000224   0x00000006   Code   RO         5379    .ARM.Collect$$rtexit$$00000004  c_w.l(rtexit2.o)
    0x0800022a   0x0800022a   0x00000002   PAD
    0x0800022c   0x0800022c   0x000000de   Code   RO         5166    .emb_text           port.o
    0x0800030a   0x0800030a   0x00000002   PAD
    0x0800030c   0x0800030c   0x00000040   Code   RO            4    .text               startup_stm32l432xx.o
    0x0800034c   0x0800034c   0x000000ee   Code   RO         5245    .text               c_w.l(lludivv7m.o)
    0x0800043a   0x0800043a   0x0000008a   Code   RO         5247    .text               c_w.l(rt_memcpy_v6.o)
    0x080004c4   0x080004c4   0x00000010   Code   RO         5251    .text               c_w.l(aeabi_memset.o)
    0x080004d4   0x080004d4   0x0000004e   Code   RO         5253    .text               c_w.l(rt_memclr_w.o)
    0x08000522   0x08000522   0x00000006   Code   RO         5255    .text               c_w.l(heapauxi.o)
    0x08000528   0x08000528   0x00000064   Code   RO         5276    .text               c_w.l(rt_memcpy_w.o)
    0x0800058c   0x0800058c   0x00000044   Code   RO         5278    .text               c_w.l(rt_memclr.o)
    0x080005d0   0x080005d0   0x0000004a   Code   RO         5304    .text               c_w.l(sys_stackheap_outer.o)
    0x0800061a   0x0800061a   0x00000012   Code   RO         5306    .text               c_w.l(exit.o)
    0x0800062c   0x0800062c   0x00000008   Code   RO         5318    .text               c_w.l(libspace.o)
    0x08000634   0x08000634   0x0000000c   Code   RO         5374    .text               c_w.l(sys_exit.o)
    0x08000640   0x08000640   0x00000002   Code   RO         5393    .text               c_w.l(use_no_semi.o)
    0x08000642   0x08000642   0x00000000   Code   RO         5395    .text               c_w.l(indicate_semi.o)
    0x08000642   0x08000642   0x00000002   Code   RO          318    i.BusFault_Handler  stm32l4xx_it.o
    0x08000644   0x08000644   0x0000000c   Code   RO          319    i.DMA1_Channel4_IRQHandler  stm32l4xx_it.o
    0x08000650   0x08000650   0x0000000c   Code   RO          320    i.DMA1_Channel5_IRQHandler  stm32l4xx_it.o
    0x0800065c   0x0800065c   0x0000000c   Code   RO          321    i.DMA1_Channel6_IRQHandler  stm32l4xx_it.o
    0x08000668   0x08000668   0x0000000c   Code   RO          322    i.DMA1_Channel7_IRQHandler  stm32l4xx_it.o
    0x08000674   0x08000674   0x0000002e   Code   RO         1299    i.DMA_SetConfig     stm32l4xx_hal_dma.o
    0x080006a2   0x080006a2   0x00000002   Code   RO          323    i.DebugMon_Handler  stm32l4xx_it.o
    0x080006a4   0x080006a4   0x00000024   Code   RO           13    i.DisplayNumber     main.o
    0x080006c8   0x080006c8   0x00000004   Code   RO           14    i.Error_Handler     main.o
    0x080006cc   0x080006cc   0x000000ba   Code   RO         1305    i.HAL_DMA_IRQHandler  stm32l4xx_hal_dma.o
    0x08000786   0x08000786   0x00000002   PAD
    0x08000788   0x08000788   0x000000c0   Code   RO         1306    i.HAL_DMA_Init      stm32l4xx_hal_dma.o
    0x08000848   0x08000848   0x00000070   Code   RO         1310    i.HAL_DMA_Start_IT  stm32l4xx_hal_dma.o
    0x080008b8   0x080008b8   0x00000024   Code   RO          507    i.HAL_Delay         stm32l4xx_hal.o
    0x080008dc   0x080008dc   0x00000202   Code   RO         1200    i.HAL_GPIO_Init     stm32l4xx_hal_gpio.o
    0x08000ade   0x08000ade   0x0000000a   Code   RO         1202    i.HAL_GPIO_ReadPin  stm32l4xx_hal_gpio.o
    0x08000ae8   0x08000ae8   0x0000000a   Code   RO         1204    i.HAL_GPIO_WritePin  stm32l4xx_hal_gpio.o
    0x08000af2   0x08000af2   0x00000002   PAD
    0x08000af4   0x08000af4   0x0000000c   Code   RO          511    i.HAL_GetTick       stm32l4xx_hal.o
    0x08000b00   0x08000b00   0x00000010   Code   RO          517    i.HAL_IncTick       stm32l4xx_hal.o
    0x08000b10   0x08000b10   0x0000001e   Code   RO          518    i.HAL_Init          stm32l4xx_hal.o
    0x08000b2e   0x08000b2e   0x00000002   PAD
    0x08000b30   0x08000b30   0x00000098   Code   RO          461    i.HAL_InitTick      stm32l4xx_hal_timebase_tim.o
    0x08000bc8   0x08000bc8   0x00000034   Code   RO          406    i.HAL_MspInit       stm32l4xx_hal_msp.o
    0x08000bfc   0x08000bfc   0x0000001a   Code   RO         1755    i.HAL_NVIC_EnableIRQ  stm32l4xx_hal_cortex.o
    0x08000c16   0x08000c16   0x00000002   PAD
    0x08000c18   0x08000c18   0x00000040   Code   RO         1761    i.HAL_NVIC_SetPriority  stm32l4xx_hal_cortex.o
    0x08000c58   0x08000c58   0x00000024   Code   RO         1762    i.HAL_NVIC_SetPriorityGrouping  stm32l4xx_hal_cortex.o
    0x08000c7c   0x08000c7c   0x00000068   Code   RO         1527    i.HAL_PWREx_ControlVoltageScaling  stm32l4xx_hal_pwr_ex.o
    0x08000ce4   0x08000ce4   0x00000010   Code   RO         1554    i.HAL_PWREx_GetVoltageRange  stm32l4xx_hal_pwr_ex.o
    0x08000cf4   0x08000cf4   0x0000028a   Code   RO          833    i.HAL_RCCEx_PeriphCLKConfig  stm32l4xx_hal_rcc_ex.o
    0x08000f7e   0x08000f7e   0x00000002   PAD
    0x08000f80   0x08000f80   0x00000144   Code   RO          705    i.HAL_RCC_ClockConfig  stm32l4xx_hal_rcc.o
    0x080010c4   0x080010c4   0x00000040   Code   RO          708    i.HAL_RCC_GetClockConfig  stm32l4xx_hal_rcc.o
    0x08001104   0x08001104   0x00000024   Code   RO          711    i.HAL_RCC_GetPCLK1Freq  stm32l4xx_hal_rcc.o
    0x08001128   0x08001128   0x00000024   Code   RO          712    i.HAL_RCC_GetPCLK2Freq  stm32l4xx_hal_rcc.o
    0x0800114c   0x0800114c   0x000000a4   Code   RO          714    i.HAL_RCC_GetSysClockFreq  stm32l4xx_hal_rcc.o
    0x080011f0   0x080011f0   0x00000560   Code   RO          717    i.HAL_RCC_OscConfig  stm32l4xx_hal_rcc.o
    0x08001750   0x08001750   0x00000002   Code   RO         2683    i.HAL_TIMEx_Break2Callback  stm32l4xx_hal_tim_ex.o
    0x08001752   0x08001752   0x00000002   Code   RO         2684    i.HAL_TIMEx_BreakCallback  stm32l4xx_hal_tim_ex.o
    0x08001754   0x08001754   0x00000002   Code   RO         2685    i.HAL_TIMEx_CommutCallback  stm32l4xx_hal_tim_ex.o
    0x08001756   0x08001756   0x00000002   PAD
    0x08001758   0x08001758   0x00000084   Code   RO         2687    i.HAL_TIMEx_ConfigBreakDeadTime  stm32l4xx_hal_tim_ex.o
    0x080017dc   0x080017dc   0x0000006c   Code   RO         2705    i.HAL_TIMEx_MasterConfigSynchronization  stm32l4xx_hal_tim_ex.o
    0x08001848   0x08001848   0x00000062   Code   RO         1969    i.HAL_TIM_Base_Init  stm32l4xx_hal_tim.o
    0x080018aa   0x080018aa   0x00000002   PAD
    0x080018ac   0x080018ac   0x0000003c   Code   RO          408    i.HAL_TIM_Base_MspInit  stm32l4xx_hal_msp.o
    0x080018e8   0x080018e8   0x00000058   Code   RO         1974    i.HAL_TIM_Base_Start_IT  stm32l4xx_hal_tim.o
    0x08001940   0x08001940   0x000000e0   Code   RO         1978    i.HAL_TIM_ConfigClockSource  stm32l4xx_hal_tim.o
    0x08001a20   0x08001a20   0x00000002   Code   RO         2003    i.HAL_TIM_IC_CaptureCallback  stm32l4xx_hal_tim.o
    0x08001a22   0x08001a22   0x0000014a   Code   RO         2017    i.HAL_TIM_IRQHandler  stm32l4xx_hal_tim.o
    0x08001b6c   0x08001b6c   0x0000006c   Code   RO          409    i.HAL_TIM_MspPostInit  stm32l4xx_hal_msp.o
    0x08001bd8   0x08001bd8   0x00000002   Code   RO         2020    i.HAL_TIM_OC_DelayElapsedCallback  stm32l4xx_hal_tim.o
    0x08001bda   0x08001bda   0x00000124   Code   RO         2041    i.HAL_TIM_PWM_ConfigChannel  stm32l4xx_hal_tim.o
    0x08001cfe   0x08001cfe   0x00000062   Code   RO         2044    i.HAL_TIM_PWM_Init  stm32l4xx_hal_tim.o
    0x08001d60   0x08001d60   0x00000002   Code   RO         2046    i.HAL_TIM_PWM_MspInit  stm32l4xx_hal_tim.o
    0x08001d62   0x08001d62   0x00000002   Code   RO         2047    i.HAL_TIM_PWM_PulseFinishedCallback  stm32l4xx_hal_tim.o
    0x08001d64   0x08001d64   0x000000d0   Code   RO         2049    i.HAL_TIM_PWM_Start  stm32l4xx_hal_tim.o
    0x08001e34   0x08001e34   0x00000098   Code   RO         2052    i.HAL_TIM_PWM_Stop  stm32l4xx_hal_tim.o
    0x08001ecc   0x08001ecc   0x00000014   Code   RO           15    i.HAL_TIM_PeriodElapsedCallback  main.o
    0x08001ee0   0x08001ee0   0x00000002   Code   RO         2060    i.HAL_TIM_TriggerCallback  stm32l4xx_hal_tim.o
    0x08001ee2   0x08001ee2   0x00000002   Code   RO         2977    i.HAL_UARTEx_RxEventCallback  stm32l4xx_hal_uart.o
    0x08001ee4   0x08001ee4   0x00000002   Code   RO         2993    i.HAL_UART_ErrorCallback  stm32l4xx_hal_uart.o
    0x08001ee6   0x08001ee6   0x00000066   Code   RO         2997    i.HAL_UART_Init     stm32l4xx_hal_uart.o
    0x08001f4c   0x08001f4c   0x0000019a   Code   RO          411    i.HAL_UART_MspInit  stm32l4xx_hal_msp.o
    0x080020e6   0x080020e6   0x00000002   PAD
    0x080020e8   0x080020e8   0x00000048   Code   RO         3001    i.HAL_UART_Receive_DMA  stm32l4xx_hal_uart.o
    0x08002130   0x08002130   0x00000094   Code   RO           16    i.HAL_UART_RxCpltCallback  main.o
    0x080021c4   0x080021c4   0x00000002   Code   RO         3005    i.HAL_UART_RxHalfCpltCallback  stm32l4xx_hal_uart.o
    0x080021c6   0x080021c6   0x00000002   PAD
    0x080021c8   0x080021c8   0x0000008c   Code   RO         3007    i.HAL_UART_Transmit_DMA  stm32l4xx_hal_uart.o
    0x08002254   0x08002254   0x00000002   Code   RO         3009    i.HAL_UART_TxCpltCallback  stm32l4xx_hal_uart.o
    0x08002256   0x08002256   0x00000002   Code   RO         3010    i.HAL_UART_TxHalfCpltCallback  stm32l4xx_hal_uart.o
    0x08002258   0x08002258   0x00000002   Code   RO          324    i.HardFault_Handler  stm32l4xx_it.o
    0x0800225a   0x0800225a   0x00000002   PAD
    0x0800225c   0x0800225c   0x00000030   Code   RO           17    i.Load_Cell_Init    main.o
    0x0800228c   0x0800228c   0x00000088   Code   RO           18    i.MX_GPIO_Init      main.o
    0x08002314   0x08002314   0x000000d8   Code   RO           19    i.MX_TIM1_Init      main.o
    0x080023ec   0x080023ec   0x0000009c   Code   RO           20    i.MX_TIM2_Init      main.o
    0x08002488   0x08002488   0x00000038   Code   RO           21    i.MX_USART1_UART_Init  main.o
    0x080024c0   0x080024c0   0x00000038   Code   RO           22    i.MX_USART2_UART_Init  main.o
    0x080024f8   0x080024f8   0x00000002   Code   RO          325    i.MemManage_Handler  stm32l4xx_it.o
    0x080024fa   0x080024fa   0x00000002   Code   RO          326    i.NMI_Handler       stm32l4xx_it.o
    0x080024fc   0x080024fc   0x0000012c   Code   RO          837    i.RCCEx_PLLSAI1_Config  stm32l4xx_hal_rcc_ex.o
    0x08002628   0x08002628   0x0000007c   Code   RO          718    i.RCC_SetFlashLatencyFromMSIRange  stm32l4xx_hal_rcc.o
    0x080026a4   0x080026a4   0x0000009c   Code   RO           23    i.Servo_Motor_Init  main.o
    0x08002740   0x08002740   0x00000078   Code   RO           24    i.Stepper_Motor_Init  main.o
    0x080027b8   0x080027b8   0x0000001a   Code   RO         4598    i.SysTick_Handler   cmsis_os2.o
    0x080027d2   0x080027d2   0x00000074   Code   RO           26    i.SystemClock_Config  main.o
    0x08002846   0x08002846   0x00000002   PAD
    0x08002848   0x08002848   0x00000010   Code   RO         3451    i.SystemInit        system_stm32l4xx.o
    0x08002858   0x08002858   0x0000000c   Code   RO          327    i.TIM6_DAC_IRQHandler  stm32l4xx_it.o
    0x08002864   0x08002864   0x00000078   Code   RO         2062    i.TIM_Base_SetConfig  stm32l4xx_hal_tim.o
    0x080028dc   0x080028dc   0x0000001a   Code   RO         2063    i.TIM_CCxChannelCmd  stm32l4xx_hal_tim.o
    0x080028f6   0x080028f6   0x00000014   Code   RO         2073    i.TIM_ETR_SetConfig  stm32l4xx_hal_tim.o
    0x0800290a   0x0800290a   0x00000010   Code   RO         2074    i.TIM_ITRx_SetConfig  stm32l4xx_hal_tim.o
    0x0800291a   0x0800291a   0x00000002   PAD
    0x0800291c   0x0800291c   0x00000078   Code   RO         2075    i.TIM_OC1_SetConfig  stm32l4xx_hal_tim.o
    0x08002994   0x08002994   0x00000078   Code   RO         2076    i.TIM_OC2_SetConfig  stm32l4xx_hal_tim.o
    0x08002a0c   0x08002a0c   0x00000074   Code   RO         2077    i.TIM_OC3_SetConfig  stm32l4xx_hal_tim.o
    0x08002a80   0x08002a80   0x00000060   Code   RO         2078    i.TIM_OC4_SetConfig  stm32l4xx_hal_tim.o
    0x08002ae0   0x08002ae0   0x0000005c   Code   RO         2079    i.TIM_OC5_SetConfig  stm32l4xx_hal_tim.o
    0x08002b3c   0x08002b3c   0x0000005c   Code   RO         2080    i.TIM_OC6_SetConfig  stm32l4xx_hal_tim.o
    0x08002b98   0x08002b98   0x00000022   Code   RO         2082    i.TIM_TI1_ConfigInputStage  stm32l4xx_hal_tim.o
    0x08002bba   0x08002bba   0x00000024   Code   RO         2084    i.TIM_TI2_ConfigInputStage  stm32l4xx_hal_tim.o
    0x08002bde   0x08002bde   0x000000c8   Code   RO         3011    i.UART_AdvFeatureConfig  stm32l4xx_hal_uart.o
    0x08002ca6   0x08002ca6   0x000000a8   Code   RO         3012    i.UART_CheckIdleState  stm32l4xx_hal_uart.o
    0x08002d4e   0x08002d4e   0x0000004e   Code   RO         3014    i.UART_DMAError     stm32l4xx_hal_uart.o
    0x08002d9c   0x08002d9c   0x00000086   Code   RO         3015    i.UART_DMAReceiveCplt  stm32l4xx_hal_uart.o
    0x08002e22   0x08002e22   0x00000020   Code   RO         3017    i.UART_DMARxHalfCplt  stm32l4xx_hal_uart.o
    0x08002e42   0x08002e42   0x00000042   Code   RO         3019    i.UART_DMATransmitCplt  stm32l4xx_hal_uart.o
    0x08002e84   0x08002e84   0x0000000a   Code   RO         3021    i.UART_DMATxHalfCplt  stm32l4xx_hal_uart.o
    0x08002e8e   0x08002e8e   0x0000004c   Code   RO         3023    i.UART_EndRxTransfer  stm32l4xx_hal_uart.o
    0x08002eda   0x08002eda   0x00000018   Code   RO         3024    i.UART_EndTxTransfer  stm32l4xx_hal_uart.o
    0x08002ef2   0x08002ef2   0x00000002   PAD
    0x08002ef4   0x08002ef4   0x000001dc   Code   RO         3027    i.UART_SetConfig    stm32l4xx_hal_uart.o
    0x080030d0   0x080030d0   0x000000a0   Code   RO         3028    i.UART_Start_Receive_DMA  stm32l4xx_hal_uart.o
    0x08003170   0x08003170   0x00000094   Code   RO         3032    i.UART_WaitOnFlagUntilTimeout  stm32l4xx_hal_uart.o
    0x08003204   0x08003204   0x00000002   Code   RO          328    i.UsageFault_Handler  stm32l4xx_it.o
    0x08003206   0x08003206   0x00000020   Code   RO         1768    i.__NVIC_SetPriority  stm32l4xx_hal_cortex.o
    0x08003226   0x08003226   0x00000002   PAD
    0x08003228   0x08003228   0x00000010   Code   RO           27    i.adjust_stepper_speed  main.o
    0x08003238   0x08003238   0x00000084   Code   RO           29    i.getHX711          main.o
    0x080032bc   0x080032bc   0x00000138   Code   RO           30    i.main              main.o
    0x080033f4   0x080033f4   0x00000068   Code   RO           31    i.move_servo_to_angle  main.o
    0x0800345c   0x0800345c   0x0000001a   Code   RO         4600    i.osDelay           cmsis_os2.o
    0x08003476   0x08003476   0x00000002   PAD
    0x08003478   0x08003478   0x00000024   Code   RO         4614    i.osKernelInitialize  cmsis_os2.o
    0x0800349c   0x0800349c   0x00000038   Code   RO         4617    i.osKernelStart     cmsis_os2.o
    0x080034d4   0x080034d4   0x0000005c   Code   RO         4642    i.osSemaphoreAcquire  cmsis_os2.o
    0x08003530   0x08003530   0x00000098   Code   RO         4645    i.osSemaphoreNew    cmsis_os2.o
    0x080035c8   0x080035c8   0x00000058   Code   RO         4646    i.osSemaphoreRelease  cmsis_os2.o
    0x08003620   0x08003620   0x0000008a   Code   RO         4659    i.osThreadNew       cmsis_os2.o
    0x080036aa   0x080036aa   0x00000002   PAD
    0x080036ac   0x080036ac   0x0000005c   Code   RO         4059    i.prvAddCurrentTaskToDelayedList  tasks.o
    0x08003708   0x08003708   0x000000d0   Code   RO         4060    i.prvAddNewTaskToReadyList  tasks.o
    0x080037d8   0x080037d8   0x00000058   Code   RO         4424    i.prvCheckForValidListAndQueue  timers.o
    0x08003830   0x08003830   0x00000026   Code   RO         3656    i.prvCopyDataFromQueue  queue.o
    0x08003856   0x08003856   0x0000006c   Code   RO         3657    i.prvCopyDataToQueue  queue.o
    0x080038c2   0x080038c2   0x00000034   Code   RO         4061    i.prvDeleteTCB      tasks.o
    0x080038f6   0x080038f6   0x00000002   PAD
    0x080038f8   0x080038f8   0x00000048   Code   RO         5111    i.prvHeapInit       heap_4.o
    0x08003940   0x08003940   0x00000060   Code   RO         4062    i.prvIdleTask       tasks.o
    0x080039a0   0x080039a0   0x00000022   Code   RO         3659    i.prvInitialiseNewQueue  queue.o
    0x080039c2   0x080039c2   0x00000002   PAD
    0x080039c4   0x080039c4   0x000000b6   Code   RO         4063    i.prvInitialiseNewTask  tasks.o
    0x08003a7a   0x08003a7a   0x00000002   PAD
    0x08003a7c   0x08003a7c   0x0000004c   Code   RO         5112    i.prvInsertBlockIntoFreeList  heap_4.o
    0x08003ac8   0x08003ac8   0x00000038   Code   RO         4426    i.prvInsertTimerInActiveList  timers.o
    0x08003b00   0x08003b00   0x0000001c   Code   RO         3660    i.prvIsQueueEmpty   queue.o
    0x08003b1c   0x08003b1c   0x000000fc   Code   RO         4427    i.prvProcessReceivedCommands  timers.o
    0x08003c18   0x08003c18   0x000000c0   Code   RO         4428    i.prvProcessTimerOrBlockTask  timers.o
    0x08003cd8   0x08003cd8   0x00000020   Code   RO         4065    i.prvResetNextTaskUnblockTime  tasks.o
    0x08003cf8   0x08003cf8   0x00000028   Code   RO         4429    i.prvSampleTimeNow  timers.o
    0x08003d20   0x08003d20   0x0000006c   Code   RO         4430    i.prvSwitchTimerLists  timers.o
    0x08003d8c   0x08003d8c   0x00000028   Code   RO         5167    i.prvTaskExitError  port.o
    0x08003db4   0x08003db4   0x00000024   Code   RO         4431    i.prvTimerTask      timers.o
    0x08003dd8   0x08003dd8   0x0000006a   Code   RO         3661    i.prvUnlockQueue    queue.o
    0x08003e42   0x08003e42   0x00000002   PAD
    0x08003e44   0x08003e44   0x000000dc   Code   RO         5113    i.pvPortMalloc      heap_4.o
    0x08003f20   0x08003f20   0x00000018   Code   RO         4068    i.pvTaskIncrementMutexHeldCount  tasks.o
    0x08003f38   0x08003f38   0x0000002c   Code   RO         5168    i.pxPortInitialiseStack  port.o
    0x08003f64   0x08003f64   0x00000026   Code   RO         3616    i.uxListRemove      list.o
    0x08003f8a   0x08003f8a   0x00000002   PAD
    0x08003f8c   0x08003f8c   0x00000014   Code   RO         4671    i.vApplicationGetIdleTaskMemory  cmsis_os2.o
    0x08003fa0   0x08003fa0   0x00000018   Code   RO         4672    i.vApplicationGetTimerTaskMemory  cmsis_os2.o
    0x08003fb8   0x08003fb8   0x00000016   Code   RO         3617    i.vListInitialise   list.o
    0x08003fce   0x08003fce   0x00000006   Code   RO         3618    i.vListInitialiseItem  list.o
    0x08003fd4   0x08003fd4   0x00000030   Code   RO         3619    i.vListInsert       list.o
    0x08004004   0x08004004   0x00000018   Code   RO         3620    i.vListInsertEnd    list.o
    0x0800401c   0x0800401c   0x00000040   Code   RO         5170    i.vPortEnterCritical  port.o
    0x0800405c   0x0800405c   0x00000028   Code   RO         5171    i.vPortExitCritical  port.o
    0x08004084   0x08004084   0x00000064   Code   RO         5114    i.vPortFree         heap_4.o
    0x080040e8   0x080040e8   0x00000024   Code   RO         5172    i.vPortSetupTimerInterrupt  port.o
    0x0800410c   0x0800410c   0x00000054   Code   RO         5173    i.vPortValidateInterruptPriority  port.o
    0x08004160   0x08004160   0x00000028   Code   RO         3667    i.vQueueAddToRegistry  queue.o
    0x08004188   0x08004188   0x0000002e   Code   RO         3668    i.vQueueDelete      queue.o
    0x080041b6   0x080041b6   0x00000002   PAD
    0x080041b8   0x080041b8   0x00000028   Code   RO         3670    i.vQueueUnregisterQueue  queue.o
    0x080041e0   0x080041e0   0x00000044   Code   RO         3671    i.vQueueWaitForMessageRestricted  queue.o
    0x08004224   0x08004224   0x0000004c   Code   RO         4078    i.vTaskDelay        tasks.o
    0x08004270   0x08004270   0x00000010   Code   RO         4083    i.vTaskInternalSetTimeOutState  tasks.o
    0x08004280   0x08004280   0x0000000c   Code   RO         4084    i.vTaskMissedYield  tasks.o
    0x0800428c   0x0800428c   0x00000030   Code   RO         4086    i.vTaskPlaceOnEventList  tasks.o
    0x080042bc   0x080042bc   0x00000038   Code   RO         4087    i.vTaskPlaceOnEventListRestricted  tasks.o
    0x080042f4   0x080042f4   0x00000090   Code   RO         4089    i.vTaskPriorityDisinheritAfterTimeout  tasks.o
    0x08004384   0x08004384   0x00000088   Code   RO         4095    i.vTaskStartScheduler  tasks.o
    0x0800440c   0x0800440c   0x00000010   Code   RO         4097    i.vTaskSuspendAll   tasks.o
    0x0800441c   0x0800441c   0x00000064   Code   RO         4098    i.vTaskSwitchContext  tasks.o
    0x08004480   0x08004480   0x000000ac   Code   RO           32    i.weigh             main.o
    0x0800452c   0x0800452c   0x000000f4   Code   RO         5174    i.xPortStartScheduler  port.o
    0x08004620   0x08004620   0x0000002c   Code   RO         5175    i.xPortSysTickHandler  port.o
    0x0800464c   0x0800464c   0x0000003a   Code   RO         3672    i.xQueueCreateCountingSemaphore  queue.o
    0x08004686   0x08004686   0x00000040   Code   RO         3673    i.xQueueCreateCountingSemaphoreStatic  queue.o
    0x080046c6   0x080046c6   0x00000042   Code   RO         3676    i.xQueueGenericCreate  queue.o
    0x08004708   0x08004708   0x00000066   Code   RO         3677    i.xQueueGenericCreateStatic  queue.o
    0x0800476e   0x0800476e   0x00000002   PAD
    0x08004770   0x08004770   0x00000088   Code   RO         3678    i.xQueueGenericReset  queue.o
    0x080047f8   0x080047f8   0x00000160   Code   RO         3679    i.xQueueGenericSend  queue.o
    0x08004958   0x08004958   0x000000be   Code   RO         3680    i.xQueueGenericSendFromISR  queue.o
    0x08004a16   0x08004a16   0x0000009c   Code   RO         3683    i.xQueueGiveFromISR  queue.o
    0x08004ab2   0x08004ab2   0x00000002   PAD
    0x08004ab4   0x08004ab4   0x00000138   Code   RO         3689    i.xQueueReceive     queue.o
    0x08004bec   0x08004bec   0x0000009a   Code   RO         3690    i.xQueueReceiveFromISR  queue.o
    0x08004c86   0x08004c86   0x00000002   PAD
    0x08004c88   0x08004c88   0x00000178   Code   RO         3691    i.xQueueSemaphoreTake  queue.o
    0x08004e00   0x08004e00   0x00000074   Code   RO         4100    i.xTaskCheckForTimeOut  tasks.o
    0x08004e74   0x08004e74   0x00000060   Code   RO         4101    i.xTaskCreate       tasks.o
    0x08004ed4   0x08004ed4   0x00000056   Code   RO         4102    i.xTaskCreateStatic  tasks.o
    0x08004f2a   0x08004f2a   0x00000002   PAD
    0x08004f2c   0x08004f2c   0x0000001c   Code   RO         4106    i.xTaskGetSchedulerState  tasks.o
    0x08004f48   0x08004f48   0x0000000c   Code   RO         4107    i.xTaskGetTickCount  tasks.o
    0x08004f54   0x08004f54   0x000000c8   Code   RO         4109    i.xTaskIncrementTick  tasks.o
    0x0800501c   0x0800501c   0x00000080   Code   RO         4112    i.xTaskPriorityDisinherit  tasks.o
    0x0800509c   0x0800509c   0x00000078   Code   RO         4113    i.xTaskPriorityInherit  tasks.o
    0x08005114   0x08005114   0x00000070   Code   RO         4114    i.xTaskRemoveFromEventList  tasks.o
    0x08005184   0x08005184   0x000000c4   Code   RO         4115    i.xTaskResumeAll    tasks.o
    0x08005248   0x08005248   0x00000060   Code   RO         4440    i.xTimerCreateTimerTask  timers.o
    0x080052a8   0x080052a8   0x00000068   Code   RO         4441    i.xTimerGenericCommand  timers.o
    0x08005310   0x08005310   0x00000062   Code   RO         5259    x$fpl$d2f           fz_wm.l(d2f.o)
    0x08005372   0x08005372   0x00000002   PAD
    0x08005374   0x08005374   0x000002b0   Code   RO         5262    x$fpl$ddiv          fz_wm.l(ddiv.o)
    0x08005624   0x08005624   0x0000002e   Code   RO         5266    x$fpl$dflt          fz_wm.l(dflt_clz.o)
    0x08005652   0x08005652   0x0000009c   Code   RO         5280    x$fpl$dnaninf       fz_wm.l(dnaninf.o)
    0x080056ee   0x080056ee   0x0000000c   Code   RO         5282    x$fpl$dretinf       fz_wm.l(dretinf.o)
    0x080056fa   0x080056fa   0x0000000a   Code   RO         5389    x$fpl$fpinit        fz_wm.l(fpinit.o)
    0x08005704   0x08005704   0x0000000a   Code   RO         5284    x$fpl$fretinf       fz_wm.l(fretinf.o)
    0x0800570e   0x0800570e   0x00000000   Code   RO         5286    x$fpl$usenofp       fz_wm.l(usenofp.o)
    0x0800570e   0x0800570e   0x00000002   PAD
    0x08005710   0x08005710   0x0000009c   Data   RO           38    .constdata          main.o
    0x080057ac   0x080057ac   0x00000040   Data   RO         3452    .constdata          system_stm32l4xx.o
    0x080057ec   0x080057ec   0x00000008   Data   RO         3453    .constdata          system_stm32l4xx.o
    0x080057f4   0x080057f4   0x0000005e   Data   RO           39    .conststring        main.o
    0x08005852   0x08005852   0x00000002   PAD
    0x08005854   0x08005854   0x00000020   Data   RO         5447    Region$$Table       anon$$obj.o


    Execution Region RW_IRAM2 (Exec base: 0x10000000, Load base: 0x08005960, Size: 0x00000000, Max: 0x00004000, ABSOLUTE)

    **** No section assigned to this execution region ****


    Execution Region RW_IRAM1 (Exec base: 0x20000000, Load base: 0x08005874, Size: 0x000022f8, Max: 0x0000c000, ABSOLUTE)

    Exec Addr    Load Addr    Size         Type   Attr      Idx    E Section Name        Object

    0x20000000   0x08005874   0x0000005c   Data   RW           40    .data               main.o
    0x2000005c   0x080058d0   0x0000000c   Data   RW          530    .data               stm32l4xx_hal.o
    0x20000068   0x080058dc   0x00000004   Data   RW         3454    .data               system_stm32l4xx.o
    0x2000006c   0x080058e0   0x0000003c   Data   RW         4118    .data               tasks.o
    0x200000a8   0x0800591c   0x00000014   Data   RW         4449    .data               timers.o
    0x200000bc   0x08005930   0x00000004   Data   RW         4674    .data               cmsis_os2.o
    0x200000c0   0x08005934   0x00000020   Data   RW         5120    .data               heap_4.o
    0x200000e0   0x08005954   0x0000000c   Data   RW         5176    .data               port.o
    0x200000ec        -       0x000001b1   Zero   RW           33    .bss                main.o
    0x2000029d   0x08005960   0x00000003   PAD
    0x200002a0        -       0x00000048   Zero   RW           34    .bss                main.o
    0x200002e8        -       0x00000048   Zero   RW           35    .bss                main.o
    0x20000330        -       0x00000048   Zero   RW           36    .bss                main.o
    0x20000378        -       0x00000048   Zero   RW           37    .bss                main.o
    0x200003c0        -       0x0000004c   Zero   RW          464    .bss                stm32l4xx_hal_timebase_tim.o
    0x2000040c        -       0x00000040   Zero   RW         3693    .bss                queue.o
    0x2000044c        -       0x000004c4   Zero   RW         4117    .bss                tasks.o
    0x20000910        -       0x00000118   Zero   RW         4448    .bss                timers.o
    0x20000a28        -       0x000006b8   Zero   RW         4673    .bss                cmsis_os2.o
    0x200010e0        -       0x00000bb8   Zero   RW         5119    .bss                heap_4.o
    0x20001c98        -       0x00000060   Zero   RW         5319    .bss                c_w.l(libspace.o)
    0x20001cf8        -       0x00000200   Zero   RW            2    HEAP                startup_stm32l432xx.o
    0x20001ef8        -       0x00000400   Zero   RW            1    STACK               startup_stm32l432xx.o


==============================================================================

Image component sizes


      Code (inc. data)   RO Data    RW Data    ZI Data      Debug   Object Name

       658         32          0          4       1720      68522   cmsis_os2.o
         0          0          0          0          0      19600   event_groups.o
       468         22          0         32       3000       4943   heap_4.o
       138          0          0          0          0       3618   list.o
      2004        178        250         92        721     685439   main.o
       818         82          0         12          0      11585   port.o
      2474         28          0          0         64      26656   queue.o
        64         26        396          0       1536        852   startup_stm32l432xx.o
        94         14          0         12          0      10938   stm32l4xx_hal.o
       158         14          0          0          0      33110   stm32l4xx_hal_cortex.o
       536         14          0          0          0       3783   stm32l4xx_hal_dma.o
       534         20          0          0          0       2959   stm32l4xx_hal_gpio.o
       630         54          0          0          0       3596   stm32l4xx_hal_msp.o
       120         20          0          0          0       1378   stm32l4xx_hal_pwr_ex.o
      2124        108          0          0          0       7701   stm32l4xx_hal_rcc.o
       950         32          0          0          0       2916   stm32l4xx_hal_rcc_ex.o
      2388        158          0          0          0      19517   stm32l4xx_hal_tim.o
       246         16          0          0          0       3992   stm32l4xx_hal_tim_ex.o
       152         20          0          0         76       1499   stm32l4xx_hal_timebase_tim.o
      1896         82          0          0          0      15449   stm32l4xx_hal_uart.o
        72         30          0          0          0       5251   stm32l4xx_it.o
         0          0          0          0          0        464   stream_buffer.o
        16          4         72          4          0       1205   system_stm32l4xx.o
      2384        192          0         60       1220      29713   tasks.o
       972         80          0         20        280      32323   timers.o

    ----------------------------------------------------------------------
     19950       1226        752        236       8620     997009   Object Totals
         0          0         32          0          0          0   (incl. Generated)
        54          0          2          0          3          0   (incl. Padding)

    ----------------------------------------------------------------------

      Code (inc. data)   RO Data    RW Data    ZI Data      Debug   Library Member Name

         8          0          0          0          0         68   __main.o
         0          0          0          0          0          0   __rtentry.o
        12          0          0          0          0          0   __rtentry2.o
         6          0          0          0          0          0   __rtentry4.o
        52          8          0          0          0          0   __scatter.o
        26          0          0          0          0          0   __scatter_copy.o
        28          0          0          0          0          0   __scatter_zi.o
        16          0          0          0          0         68   aeabi_memset.o
        18          0          0          0          0         80   exit.o
         6          0          0          0          0        152   heapauxi.o
         0          0          0          0          0          0   indicate_semi.o
         2          0          0          0          0          0   libinit.o
         6          0          0          0          0          0   libinit2.o
         2          0          0          0          0          0   libshutdown.o
         2          0          0          0          0          0   libshutdown2.o
         8          4          0          0         96         68   libspace.o
       238          0          0          0          0        100   lludivv7m.o
        68          0          0          0          0         68   rt_memclr.o
        78          0          0          0          0         80   rt_memclr_w.o
       138          0          0          0          0         68   rt_memcpy_v6.o
       100          0          0          0          0         80   rt_memcpy_w.o
         2          0          0          0          0          0   rtexit.o
        10          0          0          0          0          0   rtexit2.o
        12          4          0          0          0         68   sys_exit.o
        74          0          0          0          0         80   sys_stackheap_outer.o
         2          0          0          0          0         68   use_no_semi.o
        98          4          0          0          0        140   d2f.o
       688        140          0          0          0        256   ddiv.o
        46          0          0          0          0        116   dflt_clz.o
       156          4          0          0          0        140   dnaninf.o
        12          0          0          0          0        116   dretinf.o
        10          0          0          0          0        116   fpinit.o
        10          0          0          0          0        116   fretinf.o
         0          0          0          0          0          0   usenofp.o

    ----------------------------------------------------------------------
      1942        164          0          0         96       2048   Library Totals
         8          0          0          0          0          0   (incl. Padding)

    ----------------------------------------------------------------------

      Code (inc. data)   RO Data    RW Data    ZI Data      Debug   Library Name

       914         16          0          0         96       1048   c_w.l
      1020        148          0          0          0       1000   fz_wm.l

    ----------------------------------------------------------------------
      1942        164          0          0         96       2048   Library Totals

    ----------------------------------------------------------------------

==============================================================================


      Code (inc. data)   RO Data    RW Data    ZI Data      Debug   

     21892       1390        752        236       8716     979289   Grand Totals
     21892       1390        752        236       8716     979289   ELF Image Totals
     21892       1390        752        236          0          0   ROM Totals

==============================================================================

    Total RO  Size (Code + RO Data)                22644 (  22.11kB)
    Total RW  Size (RW Data + ZI Data)              8952 (   8.74kB)
    Total ROM Size (Code + RO Data + RW Data)      22880 (  22.34kB)

==============================================================================

